border_size=1
usage=map

Gll^Fp, Uu, Gll^Fp, Uu, Gll^Fp, Uu, Gll^Fp, Uu, Xu, Xu, Xu, Xu, Xu, Xu, Xu, Xu, Xu, Xu, Xu, Xu, Xu, Xu, Xu, Xu, Uu, Uu, Wwg, Wwg, Wwg, Uu, Uu, Xu, Xu, Xu, Xu, Xu, Xu, Xu, Xu, Xu, Xu, Uu, Uu, Uu, Wwg, Wwg, Wwg, Uu, Xu, Xu, Xu, Uu, Xu, Xu, Xu, Xu, Xu, Xu, Xu, Xu, Qlf, Qlf, Qlf, Qlf, Qlf, Qlf, Qlf, Qlf, Qlf, Qlf, Qlf, Qlf, Qlf, Ql, Ql, Ql, Ql, Ql, Ql, Ql, Ql, Ql, Ql, Ql
Gll^Fp, Gll^Fp, Gll^Fp, Gll^Fp, Ur, Gll^Fp, Gll^Fp, Xu, Xu, Xu, Xu, Xu, Xu, Xu, Xu, Xu, Xu, Xu, Xu, Xu, Xu, Xu, Uu, Uu, Uu, Wwg, Wwg, Wwg, Uu, Uu, Uu, Xu, Xu, Xu, Xu, Xu, Xu, Xu, Xu, Xu, Xu, Uu, Uu, Uu, Uu, Wwg, Wwg, Uu, Uu, Xu, Xu, Xu, Xu, Xu, Xu, Xu, Xu, Xu, Xu, Xu, Qlf, Qlf, Qlf, Qlf, Qlf, Qlf, Uu, Qlf, Uu, Qlf, Qlf, Qlf, Qlf, Qlf, Ql, Ql, Ql, Ql, Ql, Ql, Ql, Ql, Ql, Ql
Gll^Fp, Gll^Fp, Gll^Fp, Ur, Ur, Ur, Ur, Gll^Fp, Gll^Fp, Xu, Xu, Xu, Xu, Xu, Xu, Xu, Xu, Xu, Xu, Xu, Xu, Xu, Uu, Uu, Wwg, Wwg, Uu, Uu, Uu, Uu, Xu, Xu, Xu, Xu, Xu, Xu, Xu, Xu, Xu, Xu, Xu, Xu, Uu, Uu, Uu, Wwg, Wwg, Wwg, Uu, Uu, Xu, Xu, Xu, Xu, Xu, Xu, Xu, Xu, Xu, Qlf, Qlf, Qlf, Qlf, Qlf, Qlf, Qlf, Uu, Qlf, Uu, Qlf, Qlf, Qlf, Qlf, Qlf, Qlf, Ql, Ql, Ql, Ql, Ql, Ql, Ql, Ql, Ql
Gll^Fp, Gll^Fp, Gll^Fp, Ur, Ur, Ur, Ur, Gll^Fp, Xu, Xu, Xu, Xu, Xu, Xu, Xu, Xu, Xu, Xu, Xu, Xu, Xu, Uu, Uu, Wwg, Wwg, Uu, Uu, Uu, Uu, Uu, Xu, Xu, Xu, Xu, Xu, Xu, Xu, Xu, Xu, Xu, Xu, Xu, Uu, Uu, Wwg, Wwg, Wwg, Wwg, Uu, Uu, Xu, Xu, Xu, Xu, Xu, Xu, Xu, Xu, Xu, Uu, Uu, Uu, Qlf, Uu, Uu, Qlf, Uu, Uu, Qlf, Qlf, Qlf, Qlf, Qlf, Qlf, Qlf, Qlf, Ql, Ql, Ql, Ql, Ql, Ql, Ql, Ql
Gll^Fp, Gll^Fp, Gll^Fp, Gll^Fp, Gll^Fp, Ur, Ur, Gll^Fp, Xu, Uu, Uu, Xu, Uu, Uu, Uu, Xu, Xu, Xu, Xu, Xu, Xu, Uu, Uu, Wwg, Wwg, Uu, Uu, Uu, Uu, Xu, Xu, Xu, Xu, Xu, Xu, Xu, Xu, Xu, Xu, Xu, Xu, Xu, Uu, Uu, Wwg, Wwg, Uu, Uu, Uu, Uu, Xu, Xu, Xu, Xu, Xu, Xu, Xu, Xu, Xu, Uu, Uu, Uu, Qlf, Uu, Uu, Qlf, Uu, Qlf, Qlf, Qlf, Uu, Qlf, Qlf, Qlf, Qlf, Qlf, Qlf, Ql, Ql, Ql, Ql, Ql, Ql, Ql
Gll^Fp, Gll^Fp, Gll^Fp, Gll^Fp, Gll^Fp, Ur, Ur, Ur, Uu, Uu, Uu, Uu, Uu, Uu, Uu, Uu, Uu, Xu, Uu, Uu, Uu, Uu, Uu, Wwg, Wwg, Uu, Uu, Uu, Uu, Xu, Xu, Xu, Xu, Xu, Xu, Xu, Xu, Xu, Xu, Xu, Xu, Xu, Uu, Uu, Wwg, Wwg, Uu, Uu, Uu, Xu, Xu, Xu, Xu, Xu, Xu, Xu, Xu, Xu, Xu, Xu, Uu, Uu, Uu, Uu, Uu, Uu, Uu, Uu, Uu, Uu, Uu, Uu, Uu, Qlf, Qlf, Qlf, Qlf, Qlf, Qlf, Qlf, Qlf, Ql, Ql, Qlf
Xu, Xu, Xu, Gll^Fp, Xu, Xu, Xu, Ur, Uu, Uu, Uu, Uu, Uu, Uu, Uu, Uu, Uu, Uu, Uu, Uu, Uu, Uu, Uu, Uu, Wwg, Wwg, Uu, Uu, Xu, Xu, Xu, Xu, Xu, Xu, Xu, Xu, Xu, Xu, Xu, Xu, Xu, Uu, Uu, Uu, Wwg, Wwg, Uu, Uu, Uu, Xu, Xu, Xu, Xu, Xu, Xu, Xu, Xu, Xu, Xu, Xu, Xu, Xu, Xu, Xu, Xu, Uu, Uu, Qlf, Qlf, Uu, Qlf, Uu, Qlf, Qlf, Qlf, Qlf, Qlf, Qlf, Qlf, Qlf, Qlf, Qlf, Qlf, Qlf
Xu, Xu, Xu, Xu, Xu, Xu, Xu, Xu, Uu, Uu, Uu, Uu, Uu, Xu, Xu, Xu, Xu, Uu, Xu, Uu, Xu, Uu, Uu, Uu, Uu, Wwg, Uu, Uu, Uu, Xu, Xu, Xu, Xu, Xu, Xu, Xu, Xu, Xu, Xu, Xu, Uu, Uu, Wwg, Wwg, Wwg, Wwg, Uu, Uu, Xu, Xu, Xu, Xu, Xu, Xu, Xu, Xu, Xu, Xu, Xu, Xu, Xu, Xu, Xu, Xu, Xu, Uu, Uu, Qlf, Qlf, Qlf, Qlf, Qlf, Qlf, Qlf, Uu, Qlf, Uu, Qlf, Qlf, Qlf, Qlf, Qlf, Qlf, Qlf
Wwg, Xu, Wwg, Xu, Xu, Xu, Xu, Xu, Xu, Uu, Uu, Uu, Uu, Xu, Xu, Xu, Xu, Xu, Xu, Xu, Xu, Xu, Uu, Uu, Uu, Wwg, Wwg, Uu, Uu, Xu, Xu, Xu, Xu, Xu, Xu, Xu, Xu, Xu, Xu, Xu, Uu, Uu, Wwg, Wwg, Uu, Uu, Uu, Xu, Xu, Xu, Xu, Xu, Xu, Xu, Uu, Uu, Uu, Xu, Xu, Xu, Xu, Xu, Xu, Xu, Xu, Uu, Uu, Qlf, Qlf, Qlf, Qlf, Qlf, Qlf, Qlf, Qlf, Uu, Uu, Qlf, Qlf, Qlf, Qlf, Qlf, Qlf, Qlf
Wwg, Wwg, Xu, Wwg, Wwg, Wwg, Wwg, Wwg, Wwg, Wwg, Wwg, 1 Uu, Uu, Uu, Xu, Xu, Xu, Xu, Xu, Xu, Xu, Xu, Xu, Uu, Uu, Uu, Wwg, Wwg, Uu, Uu, Xu, Xu, Xu, Xu, Xu, Xu, Xu, Xu, Xu, Uu, Uu, Wwg, Wwg, Wwg, Uu, Uu, Xu, Xu, Xu, Xu, Xu, Xu, Xu, Xu, Uu, Uu, Uu, Uu, Uu, Xu, Xu, Xu, Xu, Xu, Uu, Uu, Uu, Uu, Uu, Qlf, Qlf, Qlf, Qlf, Qlf, Uu, Qlf, Uu, Uu, Qlf, Qlf, Qlf, Qlf, Qlf, Qlf
Xu, Xu, Xu, Xu, Xu, Wwg, Xu, Xu, Xu, Wwg, Wwg, Wwg, Uu, Uu, Uu, Xu, Xu, Xu, Xu, Xu, Xu, Xu, Xu, Uu, Uu, Uu, Wwg, Wwg, Uu, Uu, Xu, Xu, Xu, Xu, Xu, Xu, Xu, Xu, Uu, Uu, Wwg, Wwg, Wwg, Wwg, Uu, Uu, Xu, Xu, Xu, Xu, Xu, Xu, Uu, Uu, Uu, Uu, Uu, Uu, Uu, Xu, Xu, Xu, Xu, Uu, Uu, Uu, Xu, Uu, Xu, Uu, Uu, Uu, Uu, Qlf, Uu, Uu, Qlf, Qlf, Qlf, Qlf, Uu, Qlf, Qlf, Qlf
Xu, Xu, Xu, Xu, Xu, Xu, Xu, Xu, Uu, Uu, Wwg, Wwg, Uu, Uu, Uu, Xu, Xu, Xu, Xu, Xu, Xu, Xu, Xu, Uu, Uu, Wwg, Uu, Wwg, Wwg, Uu, Xu, Xu, Xu, Xu, Xu, Xu, Xu, Uu, Uu, Uu, Wwg, Wwg, Wwg, Uu, Uu, Xu, Xu, Xu, Xu, Xu, Uu, Uu, Uu, Uu, Xu, Xu, Uu, Uu, Uu, Uu, Xu, Xu, Xu, Uu, Uu, Xu, Xu, Xu, Xu, Xu, Xu, Uu, Uu, Uu, Uu, Uu, Qlf, Qlf, Qlf, Qlf, Uu, Uu, Qlf, Qlf
Xu, Xu, Xu, Xu, Xu, Xu, Uu, Uu, Uu, Uu, Wwg, Wwg, Uu, Uu, Uu, Xu, Xu, Xu, Xu, Xu, Xu, Xu, Xu, Xu, Uu, Uu, Uu, Wwg, Wwg, Uu, Uu, Xu, Xu, Xu, Xu, Xu, Uu, Uu, Uu, Wwg, Wwg, Wwg, Uu, Uu, Uu, Xu, Xu, Xu, Xu, Xu, Uu, Uu, Uu, Xu, Xu, Xu, Uu, Uu, Uu, Uu, Uu, Xu, Xu, Uu, Uu, Xu, Xu, Xu, Xu, Xu, Xu, Uu, Uu, Uu, Xu, Uu, Xu, Uu, Xu, Uu, Xu, Uu, Uu, Uu
Xu, Xu, Xu, Xu, Xu, Xu, Uu, Uu, Uu, Wwg, Uu, Uu, Uu, Uu, Xu, Xu, Xu, Xu, Xu, Xu, Xu, Xu, Xu, Xu, Uu, Uu, Uu, Wwg, Wwg, Uu, Uu, Xu, Xu, Xu, Uu, Uu, Uu, Uu, Wwg, Wwg, Uu, Uu, Uu, Uu, Xu, Xu, Xu, Xu, Xu, Xu, Uu, Uu, Xu, Xu, Xu, Xu, Uu, Uu, Xu, Xu, Uu, Uu, Uu, Uu, Xu, Xu, Xu, Xu, Xu, Xu, Uu, Uu, Uu, Uu, Uu, Xu, Xu, Xu, Xu, Xu, Xu, Xu, Xu, Uu
Xu, Xu, Xu, Xu, Uu, Uu, Uu, Wwg, Wwg, Wwg, Uu, Uu, Uu^Vud, Xu, Xu, Xu, Xu, Xu, Xu, Uu^Vu, Uu, Uu, Uu, Uu, Uu, Uu, Wwg, Wwg, Wwg, Uu, Uu, Uu^Vud, Uu, Uu, Uu, Uu, Uu, Uu, Wwg, Wwg, Uu, Uu, Uu, Uu, Xu, Xu, Xu, Xu, Uu, Xu, Uu, Uu, Xu, Xu, Uu, Uu, Uu, Uu, Xu, Xu, Xu, Uu, Uu, Uu, Xu, Xu, Xu, Xu, Uu, Uu, Uu, Uu, Xu, Xu, Xu, Uu, Uu, Xu, Uu, Xu, Xu, Xu, Xu, Xu
Xu, Xu, Xu, Xu, Xu, Uu, Uu, Wwg, Uu, Uu, Uu, Xu, Xu, Xu, Xu, Xu, Xu, Xu, Xu, Uu, Uu, Uu, Uu, Uu, Wwg, Wwg, Wwg, Wwg, Uu, Uu, Uu, Uu, Uu, Uu, Uu, Uu, Wwg, Uu, Wwg, Wwg, Uu, Uu, Xu, Xu, Xu, Xu, Xu, Xu, Uu, Uu, Uu, Uu, Xu, Xu, Uu, Uu, Xu, Xu, Xu, Xu, Xu, Uu, Uu, Xu, Xu, Xu, Xu, Xu, Uu, Uu, Uu, Xu, Xu, Xu, Xu, Uu, Uu, Uu, Uu, Xu, Xu, Xu, Xu, Xu
Wwg, Xu, Xu, Xu, Xu, Uu, Uu, Wwg, Uu, Uu, Uu, Xu, Xu, Xu, Xu, Xu, Xu, Xu, Uu, Uu, Wwg, Uu, Wwg, Uu, Wwg, Wwg, Wwg, Uu, Uu, Uu, Wwg, Wwg, Wwg, Wwg, Wwg, Wwg, Wwg, Wwg, Wwg, Wwg, Uu, Uu, Xu, Xu, Xu, Xu, Xu, Uu, Uu, Xu, Xu, Xu, Xu, Xu, Uu, Uu, Xu, Xu, Xu, Xu, Xu, Xu, Uu, Uu, Uu, Xu, Uu, Uu, Uu, Uu, Xu, Xu, Xu, Xu, Xu, Xu, Xu, Uu, Uu, Uu, Xu, Xu, Xu, Xu
Wwg, Wwg, Wwg, Xu, Uu, Uu, Uu, Wwg, Wwg, Uu, Uu, Xu, Xu, Xu, Xu, Xu, Xu, Xu, Uu, Uu, Wwg, Wwg, Wwg, Wwg, Uu, Wwg, Wwg, Uu, Uu, Wwg, Wwg, Wwg, Wwg, Wwg, Uu, Uu, Uu, Uu, Uu, Uu, Uu, Xu, Xu, Xu, Xu, Xu, Uu, Uu, Uu, Xu, Xu, Xu, Xu, Xu, Uu, Uu, Uu, Xu, Xu, Xu, Xu, Xu, Uu, Uu, Uu, Uu, Uu, Uu, Uu, Uu, Xu, Xu, Xu, Xu, Xu, Xu, Xu, Uu, Uu, Uu, Xu, Xu, Xu, Xu
Uu, Uu, Uu, Wwg, Wwg, Uu, Wwg, Wwg, Wwg, Uu, Uu, Xu, Xu, Xu, Xu, Xu, Xu, Xu, Uu, Wwg, Wwg, Uu, Uu, Uu, Wwg, Wwg, Wwg, Uu, Wwg, Wwg, Wwg, Wwg, Uu, Uu, Uu, Uu, Xu, Uu, Uu, Uu, Uu, Xu, Uu, Xu, Xu, Xu, Uu, Uu, Xu, Xu, Xu, Xu, Xu, Xu, Xu, Uu, Uu, Uu, Uu, Xu, Uu, Uu, Uu, Uu, Xu, Xu, Xu, Xu, Uu, Uu^Vu, Xu, Xu, Xu, Xu, Xu, Xu, Xu, Uu, Uu, Xu, Xu, Xu, Xu, Xu
Uu, Uu, Uu, Wwg, Wwg, Wwg, Uu, Wwg, Wwg, Wwg, Wwg, Uu, Uu, Xu, Uu, Xu, Uu, Uu, Wwg, Wwg, Uu, Wwg, Wwg, Uu, Uu, Wwg, Wwg, Wwg, Wwg, Wwg, Wwg, Uu, Uu, Uu, Uu, Uu, Xu, Xu, Xu, Uu, Uu, Uu, Uu, Uu^Vud, Xu, Xu, Uu, Uu, Xu, Xu, Xu, Xu, Xu, Xu, Xu, Xu, Xu, Uu, Uu, Uu, Uu, Uu, Uu^Vud, Uu, Xu, Xu, Xu, Uu, Uu, Xu, Xu, Xu, Xu, Xu, Xu, Xu, Xu, Uu, Uu, Uu, Xu, Xu, Xu, Xu
Uu, Uu, Uu^Vu, Uu, Uu, Uu, Uu, Uu, Uu, Wwg, Wwg, Uu, Uu, Uu, Uu, Uu, Uu, Uu, Wwg, Wwg, Wwg, Uu, Wwg, Wwg, Wwg, Wwg, Wwg, Wwg, Uu, Wwg, Wwg, Uu, Uu, Xu, Uu, Uu, Uu, Xu, Xu, Uu, Uu, Uu, Uu, Uu, Uu, Uu, Uu, Uu, Uu, Xu, Uu, Xu, Xu, Xu, Xu, Xu, Xu, Uu, Uu, Xu, Xu, Xu, Xu, Xu, Xu, Xu, Xu, Uu, Uu, Xu, Xu, Xu, Xu, Xu, Xu, Xu, Xu, Xu, Uu, Uu, Uu, Xu, Xu, Xu
Uu, Uu, Uu, Uu, Uu, Uu, Uu, Uu^Vud, Uu, Uu, Uu, Wwg, Wwg, Wwg, Wwg, Uu, Uu, Wwg, Wwg, Wwg, Wwg, Uu, Uu, Wwg, Uu, Wwg, Wwg, Uu, Uu, Uu, Wwg, Wwg, Uu, Xu, Xu, Uu, Uu, Xu, Xu, Xu, Xu, Xu, Xu, Uu, Uu, Uu, Xu, Uu, Xu, Uu, Uu, Xu, Uu, Xu, Uu, Xu, Uu, Uu, Uu, Xu, Xu, Xu, Xu, Xu, Xu, Xu, Xu, Uu, Uu, Uu, Xu, Xu, Xu, Xu, Xu, Xu, Xu, Xu, Xu, Uu, Uu, Uu, Xu, Xu
Wwg, Uu, Uu, Uu, Wwg, Wwg, Wwg, Wwg, Wwg, Uu, Wwg, Wwg, Uu, Wwg, Uu, Wwg, Wwg, Wwg, Uu, Uu, Uu, Wwg, Wwg, Uu, Wwg, Wwg, Wwg, Wwg, Wwg, Uu, Wwg, Wwg, Uu, Xu, Xu, Uu, Uu, Uu, Xu, Xu, Xu, Xu, Xu, Uu, Uu, Uu, Uu, Xu, Xu, Xu, Xu, Uu, Uu, Uu, Uu, Uu, Uu, Uu, Uu, Uu, Uu, Xu, Xu, Xu, Xu, Xu, Xu, Xu, Uu, Uu, Xu, Xu, Xu, Xu, Xu, Xu, Xu, Xu, Xu, Xu, Uu, Uu, Xu, Xu
Wwg, Wwg, Wwg, Wwg, Wwg, Wwg, Uu, Uu, Wwg, Wwg, Wwg, Uu, Uu^Vu, Uu, Wwg, Wwg, Wwg, Uu, Uu, Uu^Vud, Uu, Uu, Wwg, Wwg, Wwg, Wwg, Uu, Wwg, Wwg, Wwg, Wwg, Uu, Xu, Xu, Xu, Uu, Uu, Uu, Xu, Xu, Xu, Xu, Xu, Uu, Uu, Uu, Uu, Xu, Xu, Xu, Xu, Uu^Vu, Xu, Xu, Xu, Uu, Xu, Xu, Xu, Uu, Uu, Uu, Xu, Xu, Xu, Xu, Xu, Xu, Xu, Uu, Xu, Xu, Xu, Xu, Xu, Xu, Xu, Xu, Xu, Uu, Uu, Uu, Qlf, Xu
Wwg, Wwg, Wwg, Wwg, Wwg, Uu, Wwg, Wwg, Wwg, Wwg, Uu, Uu, Uu, Wwg, Wwg, Wwg, Uu, Wwg, Wwg, Wwg, Wwg, Wwg, Wwg, Wwg, Uu, Uu, Uu, Uu, Uu, Wwg, Uu, Uu, Xu, Xu, Uu, Uu, Uu, Xu, Xu, Xu, Xu, Xu, Xu, Xu, Uu, Uu, Uu, Xu, Xu, Xu, Xu, Xu, Xu, Xu, Xu, Xu, Xu, Xu, Xu, Xu, Uu, Uu, Uu, Xu, Xu, Xu, Xu, Xu, Uu, Uu, Uu, Xu, Uu, Xu, Xu, Xu, Xu, Xu, Uu, Uu, Uu, Qlf, Xu, Xu
Uu, Uu, Cud, Uu, Uu, Uu, Uu, Uu, Uu, Wwg, Wwg, Uu, Uu, Uu, Uu, Uu, Wwg, Wwg, Wwg, Wwg, Wwg, Wwg, Wwg, Wwg, Wwg, Uu, Uu, Uu^Vud, Uu, Uu, Xu, Xu, Xu, Uu, Uu, Uu, Xu, Xu, Xu, Xu, Xu, Xu, Xu, Xu, Uu, Uu, Uu, Xu, Qlf, Xu, Xu, Xu, Xu, Xu, Xu, Xu, Xu, Xu, Xu, Xu, Xu, Uu, Uu, Uu, Xu, Xu, Xu, Xu, Uu, Uu, Uu, Uu, Uu, Uu, Uu, Xu, Uu, Uu, Uu, Uu, Qlf, Qlf, Xu, Xu
Uu, Uu, Kud, Cud, Uu, Uu, Uu^Vud, Uu, Uu, Wwg, Wwg, Wwg, Wwg, Uu, Wwg, Wwg, Wwg, Wwg, Gll^Fp, Wwg, Gll^Fp, Wwg, Wwg, Wwg, Wwg, Wwg, Uu, Uu, Uu, Uu, Xu, Xu, Xu, Uu, Uu, Uu, Xu, Xu, Xu, Xu, Xu, Xu, Xu, Xu, Xu, Uu, Uu, Uu, Qlf, Xu, Xu, Xu, Xu, Xu, Xu, Xu, Xu, Xu, Xu, Xu, Xu, Xu, Uu, Uu, Uu, Uu, Uu, Uu, Uu, Uu, Xu, Uu, Xu, Uu, Uu, Uu, Uu, Uu, Uu, Qlf, Qlf, Xu, Xu, Xu
Uu, Uu, Uu, Cud, Uu, Uu, Uu, Uu, Uu, Wwg, Wwg, Uu, Uu, Wwg, Wwg, Wwg, Gll^Fp, Gll^Fp, Gll^Fp, Gll^Fp, Gll^Fp, Gll^Fp, Gll^Fp, Wwg, Wwg, Wwg, Wwg, Wwg, Uu, Uu, Xu, Xu, Xu, Uu, Uu, Uu, Uu, Xu, Xu, Xu, Xu, Xu, Xu, Xu, Xu, Xu, Uu, Qlf, Qlf, Qlf, Qlf, Xu, Xu, Xu, Xu, Xu, Xu, Xu, Xu, Xu, Xu, Uu, Uu, Uu, Uu, Uu, Xu, Uu, Xu, Xu, Xu, Xu, Xu, Uu, Uu, Uu, Qlf, Uu, Uu, Uu, Xu, Xu, Xu, Xu
Wwg, Wwg, Wwg, Uu, Wwg, Uu, Wwg, Uu, Uu, Uu, Uu, Wwg, Wwg, Wwg, Wwg, Wwg, Gll^Fp, Gll^Fp, Gll^Fp, Gll^Fp, Gll^Fp, Gll^Fp, Gll^Fp, Wwg, Wwg, Wwg, Wwg, Wwg, Uu, Uu, Uu, Xu, Xu, Xu, Uu, Uu, Uu, Xu, Xu, Xu, Xu, Xu, Xu, Xu, Xu, Xu, Xu, Uu, Qlf, Qlf, Qlf, Qlf, Qlf, Qlf, Xu, Xu, Xu, Xu, Xu, Xu, Uu, Uu, Xu, Xu, Xu, Xu, Xu, Xu, Xu, Xu, Xu, Xu, Xu, Xu, Xu, Xu, Xu, Qlf, Qlf, Uu, Xu, Xu, Xu, Xu
Wwg, Wwg, Uu, Wwg, Wwg, Wwg, Uu, Wwg, Wwg, Wwg, Wwg, Uu, Wwg, Wwg, Wwg, Gll^Fp, Gll^Fp, Gll^Fp, Gll^Fp, Gg^Fet, Gll^Fp, Gll^Fp, Wwg, Wwg, Wwg, Wwg, Wwg, Wwg, Uu, Uu, Uu, Xu, Xu, Xu, Uu, Uu, Uu, Xu, Xu, Xu, Xu, Xu, Xu, Xu, Xu, Xu, Xu, Uu, Uu, Qlf, Qlf, Qlf, Qlf, Qlf, Uu, Uu, Uu, Uu, Uu, Uu, Uu, Uu, Xu, Xu, Xu, Xu, Xu, Xu, Xu, Xu, Xu, Xu, Xu, Xu, Xu, Xu, Xu, Qlf, Qlf, Uu, Xu, Xu, Xu, Xu
Xu, Uu, Uu, Uu, Uu, Wwg, Wwg, Uu, Uu, Uu, Uu, Wwg, Wwg, Wwg, Wwg, Gll^Fp, Wwg, Gll^Fp, Gll^Fp, Gll^Fp, Gll^Fp, Gll^Fp, Gll^Fp, Wwg, Wwg, Wwg, Wwg, Uu, Uu, Uu, Uu, Xu, Xu, Uu, Uu, Uu, Xu, Xu, Xu, Xu, Xu, Xu, Qlf, Qlf, Qlf, Qlf, Uu, Uu, Uu, Qlf, Qlf, Qlf, Qlf, Uu, Qlf, Qlf, Qlf, Qlf, Xu, Uu, Xu, Xu, Xu, Xu, Xu, Xu, Xu, Xu, Xu, Xu, Xu, Xu, Xu, Xu, Xu, Xu, Xu, Qlf, Qlf, Uu, Xu, Xu, Xu, Xu
Xu, Xu, Xu, Uu, Wwg, Wwg, Uu, Wwg, Uu, Uu, Uu, Wwg, Wwg, Wwg, Wwg, Wwg, Wwg, Gll^Fp, Gll^Fp, Gll^Fp, Wwg, Gll^Fp, Wwg, Gll^Fp, Wwg, Wwg, Wwg, Uu, Uu, Uu, Uu, Xu, Xu, Uu, Uu, Uu, Xu, Xu, Xu, Xu, Xu, Xu, Qlf, Qlf, Qlf, Qlf, Uu, Uu, Uu, Uu, Uu, Uu, Uu, Uu, Qlf, Qlf, Xu, Xu, Xu, Xu, Xu, Xu, Xu, Xu, Qxu, Xu, Xu, Xu, Xu, Xu, Xu, Xu, Xu, Xu, Xu, Xu, Xu, Qlf, Uu, Uu, Xu, Xu, Xu, Xu
Xu, Xu, Xu, Xu, Xu, Wwg, Uu, Uu, Uu, Uu, Uu, Uu, Uu, Wwg, Wwg, Wwg, Wwg, Wwg, Wwg, Gll^Fp, Wwg, Wwg, Wwg, Wwg, Wwg, Wwg, Uu, Uu, Uu, Uu, Xu, Xu, Xu, Xu, Uu, Uu, Uu, Xu, Xu, Xu, Xu, Qlf, Qlf, Qlf, Uu, Uu, Uu, Uu, Qlf, Uu, Uu, Uu, Xu, Qlf, Qlf, Qlf, Xu, Xu, Xu, Xu, Xu, Xu, Xu, Qxu, Qxu, Qxu, Qxu, Xu, Xu, Xu, Xu, Xu, Xu, Xu, Xu, Xu, Xu, Qlf, Uu, Uu, Xu, Xu, Xu, Xu
Xu, Xu, Xu, Xu, Xu, Xu, Xu, Uu^Vud, Uu, Uu, Uu, Uu, Uu, Uu, Uu, Wwg, Wwg, Wwg, Wwg, Wwg, Wwg, Wwg, Wwg, Wwg, Wwg, Wwg, Uu, Uu, Uu, Uu, Xu, Xu, Xu, Xu, Uu, Uu, Uu, Xu, Xu, Xu, Xu, Qlf, Qlf, Qlf, Uu, Uu, Qlf, Qlf, Qlf, Uu, Uu, Xu, Xu, Xu, Xu, Xu, Xu, Xu, Uu, Uu, Uu, Qxu, Qxu, Qxu, Qxu, Qxu, Qxu, Qxu, Xu, Xu, Xu, Xu, Xu, Xu, Xu, Xu, Uu, Uu, Qlf, Uu, Xu, Xu, Xu, Xu
Xu, Xu, Xu, Xu, Xu, Xu, Xu, Xu, Xu, Uu, Uu, Uu, Uu, Uu, Uu, Uu, Uu, Wwg, Wwg, Wwg, Wwg, Wwg, Wwg, Wwg, Uu, Uu, Uu, Uu, Xu, Xu, Xu, Xu, Xu, Xu, Xu, Uu, Uu, Uu, Xu, Xu, Qlf, Qlf, Qlf, Uu, Uu, Uu, Qlf, Qlf, Qlf, Uu, Uu, Xu, Xu, Xu, Xu, Xu, Xu, Xu, Uu, Uu, Uu, Uu, Uu, Qxu, Qxu, Qxu, Xu, Xu, Xu, Xu, Xu, Xu, Xu, Xu, Uu, Uu, Uu, Qlf, Qlf, Xu, Xu, Xu, Xu, Xu
Xu, Xu, Xu, Xu, Xu, Xu, Xu, Xu, Xu, Uu, Uu, Uu, Uu, Uu, Uu, Uu, Uu, Uu, Uu, Uu, Uu, Uu, Uu, Uu, Uu, Uu, Uu, Uu^Vud, Xu, Xu, Xu, Xu, Xu, Xu, Xu, Uu, Uu, Uu, Xu, Xu, Xu, Qlf, Uu, Uu, Uu, Uu, Qlf, Qlf, Qlf, Qlf, Uu, Uu, Uu, Xu, Xu, Xu, Uu, Uu, Uu, Uu, Xu, Uu, Xu, Xu, Xu, Xu, Xu, Xu, Xu, Xu, Xu, Xu, Xu, Xu, Uu, Uu, Qlf, Qlf, Xu, Xu, Xu, Xu, Xu, Xu
Xu, Xu, Xu, Xu, Xu, Xu, Xu, Xu, Xu, Uu, Uu, Uu, Uu, Uu, Xu, Uu, Uu^Vud, Uu, Uu, Uu, Uu, Uu, Uu, Uu, Uu, Uu, Uu, Xu, Xu, Xu, Xu, Xu, Xu, Xu, Xu, Xu, Uu, Uu, Uu, Xu, Uu, Uu, Uu, Uu, Uu, Uu, Uu, Qlf, Qlf, Qlf, Qlf, Uu, Uu, Uu, Uu, Uu, Uu, Uu, Xu, Xu, Xu, Xu, Xu, Xu, Xu, Xu, Xu, Xu, Xu, Xu, Xu, Xu, Xu, Xu, Uu, Qlf, Qlf, Qlf, Xu, Xu, Xu, Xu, Xu, Xu
Xu, Xu, Xu, Xu, Xu, Xu, Xu, Xu, Xu, Uu, Uu, Uu, Uu, Xu, Xu, Xu, Xu, Xu, Xu, Xu, Xu, Xu, Xu, Xu, Uu, Uu, Uu, Xu, Xu, Xu, Xu, Xu, Xu, Xu, Xu, Xu, Qlf, Uu, Uu, Uu, Uu, Uu, Qlf, Qlf, Qlf, Uu, Uu, Qlf, Xu, Qlf, Xu, Xu, Xu, Uu, Uu, Uu, Uu, Xu, Xu, Xu, Xu, Xu, Xu, Xu, Xu, Xu, Xu, Xu, Xu, Xu, Xu, Xu, Qlf, Uu, Qlf, Qlf, Xu, Xu, Xu, Xu, Xu, Xu, Xu, Xu
Xu, Xu, Xu, Xu, Xu, Xu, Xu, Xu, Xu, Xu, Xu, Uu, Uu, Uu, Uu, Xu, Xu, Xu, Xu, Xu, Xu, Xu, Xu, Xu, Xu, Uu, Uu, Xu, Xu, Xu, Xu, Xu, Xu, Xu, Xu, Xu, Xu, Qlf, Qlf, Uu, Uu, Qlf, Qlf, Qlf, Qlf, Uu, Uu, Xu, Xu, Xu, Xu, Xu, Xu, Uu, Xu, Uu, Uu, Xu, Xu, Xu, Xu, Xu, Xu, Xu, Xu, Xu, Xu, Xu, Xu, Xu, Xu, Qlf, Uu, Uu, Qlf, Xu, Xu, Xu, Xu, Xu, Xu, Xu, Xu, Xu
Xu, Xu, Xu, Xu, Xu, Xu, Xu, Xu, Xu, Xu, Xu, Uu, Uu, Uu, Uu, Uu, Xu, Xu, Xu, Xu, Xu, Xu, Xu, Xu, Xu, Uu, Uu, Uu, Xu, Xu, Xu, Xu, Xu, Xu, Xu, Xu, Xu, Qlf, Qlf, Uu, Uu, Uu, Xu, Xu, Xu, Uu, Uu, Uu, Xu, Xu, Xu, Xu, Xu, Xu, Xu, Uu, Uu, Qxu, Qxu, Xu, Xu, Xu, Xu, Xu, Xu, Xu, Xu, Xu, Xu, Xu, Qlf, Qlf, Uu, Uu, Xu, Xu, Xu, Xu, Xu, Xu, Xu, Xu, Xu, Xu
Xu, Xu, Xu, Xu, Xu, Xu, Xu, Xu, Xu, Xu, Xu, Xu, Xu, Uu, Uu, Uu, Xu, Xu, Xu, Xu, Uu, Uu, Uu, Xu, Uu, Uu, Uu, Uu, Xu, Xu, Xu, Xu, Xu, Xu, Xu, Xu, Xu, Xu, Qlf, Qlf, Uu, Uu, Xu, Xu, Xu, Xu, Uu, Uu, Uu, Xu, Xu, Xu, Xu, Xu, Xu, Uu, Qxu, Qxu, Qxu, Qxu, Qxu, Xu, Xu, Xu, Xu, Xu, Xu, Xu, Xu, Qlf, Uu, Uu, Xu, Xu, Xu, Xu, Xu, Xu, Xu, Xu, Xu, Xu, Xu, Xu
Xu, Xu, Xu, Xu, Xu, Xu, Xu, Xu, Xu, Xu, Xu, Xu, Xu, Uu, Uu, Uu, Uu, Uu, Uu, Uu, Uu, Uu, Uu, Uu, Uu, Uu, Uu, Uu, Xu, Xu, Xu, Xu, Xu, Xu, Xu, Xu, Xu, Xu, Qlf, Qlf, Uu, Uu, Uu, Xu, Xu, Xu, Uu, Uu, Uu, Xu, Xu, Xu, Xu, Xu, Xu, Xu, Xu, Qxu, Qxu, Qxu, Xu, Xu, Xu, Xu, Xu, Xu, Xu, Xu, Qlf, Qlf, Qlf, Uu, Xu, Xu, Xu, Xu, Xu, Xu, Xu, Xu, Xu, Xu, Xu, Xu
Xu, Xu, Xu, Xu, Xu, Xu, Xu, Xu, Xu, Xu, Xu, Xu, Xu, Xu, Uu, Uu, Uu, Uu, Uu, Uu, Uu, Uu, Uu, Uu, Uu, Uu, Uu, Uu, Uu, Xu, Xu, Xu, Xu, Xu, Xu, Xu, Xu, Xu, Xu, Qlf, Uu, Uu, Uu, Xu, Xu, Xu, Uu, Uu, Uu, Uu, Xu, Xu, Xu, Xu, Xu, Xu, Xu, Xu, Xu, Qxu, Xu, Xu, Xu, Xu, Xu, Xu, Xu, Xu, Xu, Qlf, Uu, Uu, Xu, Xu, Xu, Xu, Xu, Xu, Xu, Xu, Xu, Xu, Xu, Xu
Xu, Xu, Xu, Xu, Xu, Xu, Xu, Xu, Xu, Xu, Xu, Xu, Xu, Xu, Xu, Uu, Uu, Uu, Uu, Xu, Xu, Xu, Xu, Uu, Xu, Uu, Uu, Uu, Uu, Xu, Xu, Xu, Xu, Xu, Xu, Xu, Xu, Xu, Uu, Uu, Uu, Uu, Uu, Uu, Xu, Xu, Xu, Uu, Uu, Uu, Xu, Xu, Xu, Xu, Xu, Xu, Xu, Xu, Xu, Xu, Xu, Xu, Xu, Xu, Xu, Xu, Xu, Xu, Uu, Uu, Uu, Uu, Uu, Xu, Xu, Xu, Xu, Xu, Xu, Xu, Xu, Xu, Xu, Xu
Xu, Xu, Xu, Xu, Xu, Xu, Xu, Xu, Xu, Xu, Xu, Xu, Xu, Xu, Xu, Xu, Xu, Xu, Xu, Xu, Xu, Xu, Xu, Xu, Xu, Uu, Uu, Uu, Uu, Uu, Xu, Xu, Xu, Xu, Uu, Xu, Uu, Uu, Uu, Uu, Xu, Uu, Uu, Uu, Uu, Xu, Xu, Uu, Uu, Uu, Xu, Xu, Xu, Xu, Xu, Xu, Xu, Xu, Xu, Xu, Xu, Xu, Xu, Uu, Uu, Uu, Uu, Uu, Xu, Uu, Uu, Uu, Uu, Uu, Uu, Qlf, Qlf, Ql, Ql, Xu, Xu, Xu, Xu, Xu
Xu, Xu, Xu, Xu, Xu, Xu, Xu, Xu, Xu, Xu, Xu, Xu, Xu, Xu, Xu, Xu, Xu, Xu, Xu, Xu, Xu, Xu, Xu, Xu, Xu, Uu, Uu, Uu, Uu, Uu, Uu, Xu, Uu, Uu, Uu, Uu, Uu, Uu, Uu, Uu, Xu, Xu, Xu, Uu, Uu, Uu, Uu, Uu, Uu, Uu, Uu, Xu, Xu, Xu, Xu, Xu, Xu, Xu, Uu, Xu, Uu, Uu, Uu, Uu, Uu, Uu, Uu, Xu, Xu, Xu, Xu, Uu, Uu, Uu, Uu, Qlf, Qlf, Qlf, Qlf, Ql, Ql, Ql, Xue, Xue
Xu, Xu, Xu, Xu, Xu, Xu, Xu, Xu, Xu, Xu, Xu, Xu, Xu, Xu, Xu, Xu, Xu, Xu, Xu, Xu, Xu, Xu, Xu, Xu, Xu, Uu, Uu, Uu, Uu, Uu, Uu, Uu, Uu, Uu, Uu, Uu, Uu, Uu, Uu, Xu, Xu, Xu, Xu, Uu, Uu, Uu, Uu, Uu, Uu, Uu, Uu, Uu, Xu, Xu, Xu, Uu, Uu, Uu, Uu, Uu, Uu, Uu, Uu, Uu, Xu, Xu, Xu, Xu, Xu, Xu, Qlf, Qlf, Qlf, Qlf, Uu, Uu, Qlf, Qlf, Qlf, Ql, Ql, Xu, Ql, Xue
Xu, Xu, Xu, Xu, Xu, Xu, Xu, Xu, Xu, Xu, Xu, Xu, Xu, Xu, Xu, Xu, Xu, Xu, Xu, Xu, Xu, Xu, Xu, Xu, Xu, Xu, Xu, Uu, Xu, Uu, Xu, Uu, Xu, Xu, Xu, Xu, Xu, Uu, Uu, Uu, Uu, Xu, Xu, Uu, Uu, Uu, Uu, Uu, Uu, Uu, Uu, Uu, Uu, Xu, Xu, Uu, Uu, Uu, Uu, Uu, Uu, Xu, Xu, Uu, Xu, Xu, Xu, Xu, Qlf, Qlf, Qlf, Uu, Uu, Qlf, Uu, Qlf, Qlf, Uu, Qlf, Ql, Ql, Ql, Ql, Xu
Xu, Xu, Xu, Xu, Xu, Xu, Xu, Xu, Xu, Xu, Xu, Xu, Xu, Xu, Xu, Xu, Xu, Xu, Xu, Xu, Xu, Xu, Xu, Xu, Xu, Xu, Xu, Xu, Xu, Xu, Xu, Xu, Xu, Xu, Xu, Xu, Xu, Uu, Uu, Uu, Uu, Uu, Uu, Uu, Uu, Uu, Xu, Xu, Xu, Xu, Xu, Uu, Uu, Uu, Uu, Uu, Uu, Uu, Uu, Uu, Xu, Xu, Xu, Xu, Xu, Xu, Xu, Xu, Ql, Qlf, Qlf, Qlf, Qlf, Qlf, Qlf, Uu, Qlf, Qlf, Uu, Qlf, Qlf, Ql, Ql, Ql
Xu, Xu, Xu, Xu, Xu, Xu, Xu, Xu, Xu, Xu, Xu, Xu, Xu, Xu, Xu, Xu, Xu, Xu, Xu, Xu, Xu, Xu, Xu, Xu, Xu, Xu, Xu, Xu, Xu, Xu, Xu, Xu, Xu, Xu, Xu, Xu, Xu, Xu, Uu, Uu, Uu, Uu, Uu, Uu, Uu, Qxu, Qxu, Xu, Xu, Xu, Xu, Uu, Uu, Uu, Uu, Uu, Uu, Uu, Xu, Xu, Xu, Xu, Xu, Xu, Xu, Xu, Xu, Xu, Ql, Qlf, Qlf, Qlf, Qlf, Uu, Qlf, Uu, Qlf, Qlf, Uu, Qlf, Qlf, Ql, Ql, Ql
Xu, Xu, Xu, Xu, Xu, Xu, Xu, Xu, Xu, Xu, Xu, Xu, Xu, Xu, Xu, Xu, Xu, Xu, Xu, Xu, Xu, Xu, Xu, Xu, Xu, Xu, Xu, Xu, Xu, Xu, Xu, Xu, Xu, Xu, Xu, Xu, Xu, Xu, Xu, Uu, Qxu, Uu, Uu, Uu, Uu, Qxu, Qxu, Qxu, Qxu, Xu, Xu, Xu, Xu, Uu, Uu, Uu, Uu^Ii, Xu, Xu, Xu, Xu, Xu, Xu, Xu, Xu, Xu, Xu, Xu, Ql, Ql, Qlf, Qlf, Uu, Qlf, Qlf, Qlf, Uu, Qlf, Qlf, Qlf, Qlf, Ql, Ql, Ql
Xu, Xu, Xu, Xu, Xu, Xu, Xu, Xu, Xu, Xu, Xu, Xu, Xu, Xu, Xu, Xu, Xu, Xu, Xu, Xu, Xu, Xu, Xu, Xu, Xu, Xu, Xu, Xu, Xu, Xu, Xu, Xu, Xu, Xu, Xu, Xu, Xu, Xu, Qxu, Qxu, Qxu, Qxu, Uu, Uu, Uu, Qxu, Qxu, Qxu, Qxu, Xu, Xu, Xu, Xu, Xu, Xue, Uu^Ii, Xue, Xu, Xu, Xu, Xu, Xu, Xu, Xu, Xu, Xu, Xu, Xu, Ql, Ql, Ql, Qlf, Qlf, Qlf, Qlf, Uu, Qlf, Qlf, Qlf, Qlf, Ql, Ql, Ql, Xu
Xu, Xu, Xu, Xu, Xu, Xu, Xu, Xu, Xu, Xu, Xu, Xu, Xu, Xu, Xu, Xu, Xu, Xu, Xu, Xu, Xu, Xu, Xu, Xu, Xu, Xu, Xu, Xu, Xu, Xu, Xu, Xu, Xu, Xu, Xu, Xu, Xu, Xu, Qxu, Qxu, Qxu, Qxu, Qxu, Uu, Uu, Uu, Uu, Qxu, Qxu, Qxu, Xu, Xu, Xu, Xu, Xue, Xue, Uue, Xue, Xu, Xu, Xu, Xu, Xu, Xu, Xu, Xu, Xu, Ql, Ql, Ql, Ql, Qlf, Qlf, Qlf, Qlf, Qlf, Ql, Qlf, Ql, Ql, Ql, Ql, Xue, Xue
Xu, Xu, Xu, Xu, Xu, Xu, Xu, Xu, Xu, Xu, Xu, Xu, Xu, Xu, Xu, Xu, Xu, Xu, Xu, Xu, Xu, Xu, Xu, Xu, Xu, Xu, Xu, Xu, Xu, Xu, Xu, Xu, Xu, Xu, Xu, Xu, Xu, Xu, Xu, Qxu, Qxu, Qxu, Qxu, Uu, Uu, Uu, Uu, Qxu, Qxu, Qxu, Xu, Xu, Xu, Xu, Xue, Uue, Uue, Xue, Xue, Xu, Xu, Xu, Xu, Xu, Xu, Xu, Xu, Xu, Xu, Ql, Ql, Ql, Ql, Ql, Ql, Ql, Ql, Ql, Ql, Ql, Ql, Ql, Xue, Xue
Xu, Xu, Xu, Xu, Xu, Xu, Xu, Xu, Xu, Xu, Xu, Xu, Xu, Xu, Xu, Xu, Xu, Xu, Xu, Xu, Xu, Xu, Xu, Xu, Xu, Xu, Xu, Xu, Xu, Xu, Xu, Xu, Xu, Xu, Xu, Xu, Xu, Xu, Xu, Xu, Xu, Qxu, Qxu, Qxu, Qxu, Uu, Uu, Uu, Qxu, Qxu, Qxu, Xu, Xu, Xu, Xue, Xue, Uue, Uue, Uue, Xue, Xue, Xu, Xu, Xu, Xu, Xu, Xu, Xu, Xu, Ql, Ql, Ql, Ql, Ql, Ql, Ql, Xu, Ql, Xu, Ql, Xu, Xu, Xue, Xue
Xu, Xu, Xu, Xu, Xu, Xu, Xu, Xu, Xu, Xu, Xu, Xu, Xu, Xu, Xu, Xu, Xu, Xu, Xu, Xu, Xu, Qxu, Qxu, Xu, Xu, Xu, Xu, Xu, Xu, Xu, Xu, Xu, Xu, Xu, Xu, Xu, Xu, Xu, Xu, Xu, Xu, Qxu, Qxu, Qxu, Qxu, Uu, Uu, Qxu, Qxu, Qxu, Qxu, Xu, Xu, Xu, Xu, Xue, Xue, Uue, Uue, Uue, Uue, Xue, Xue, Xu, Xu, Xu, Xu, Xu, Xu, Xu, Xu, Xu, Xu, Xu, Xu, Xu, Xu, Xu, Xu, Xu, Xu, Xu, Xue, Xue
Xu, Xu, Xu, Xu, Xu, Xu, Xu, Xu, Xu, Xu, Xu, Xu, Xu, Xu, Xu, Xu, Xu, Xu, Xu, Xu, Qxu, Qxu, Qxu, Qxu, Xu, Xu, Xu, Xu, Xu, Xu, Qxu, Xu, Qxu, Qxu, Qxu, Qxu, Qxu, Xu, Xu, Xu, Qxu, Qxu, Qxu, Qxu, Uu, Uu, Uu, Qxu, Qxu, Qxu, Xu, Xu, Xu, Xu, Xu, Xue, Xue, Xue, Xue, Uue, Uue, Uue, Xue, Xue, Xue, Xu, Xue, Xu, Xu, Xu, Xu, Xu, Xu, Xu, Xu, Xu, Xu, Xu, Xu, Xu, Xu, Xu, Xue, Xue
Xu, Xu, Xu, Xu, Xu, Xu, Xu, Xu, Xu, Xu, Xu, Xu, Xu, Xu, Xu, Xu, Xu, Xu, Xu, Xu, Qxu^Xo, Qxu^Xo, Qxu^Xo, Qxu, Qxu, Xu, Qxu, Qxu, Qxu, Qxu, Qxu, Qxu, Qxu, Qxu, Qxu, Qxu, Qxu, Qxu, Qxu, Qxu, Qxu, Qxu, Qxu, Qxu, Uu, Uu, Uu, Qxu, Qxu, Qxu, Xu, Xu, Xu, Xu, Xu, Xu, Xu, Xue, Xue, Xue, Uue, Uue, Uue, Xue, Xue, Xue, Xue, Xue, Xu, Xu, Xu, Xu, Xu, Xu, Xu, Xu, Xu, Xu, Xu, Xu, Xu, Xue, Xue, Xue
Xu, Xu, Xu, Xu, Xu, Xu, Xu, Xu, Xu, Xu, Xu, Xu, Xu, Xu, Xu, Xu, Qxu, Xu, Xu, Xu, Qxu, Qxu, Qxu, Qxu^Xo, Qxu^Xo, Qxu, Qxu, Qxu, Qxu, Qxu, Qxu, Qxu, Qxu, Qxu, Qxu, Qxu, Qxu, Qxu, Qxu, Qxu, Qxu, Qxu, Qxu, Qxu, Uu, Uu, Qxu, Qxu, Qxu, Qxu, Xu, Xu, Xu, Xu, Xue, Xu, Xu, Xu, Xu, Xue, Xue, Uue, Uue, Uue, Xue, Xue, Xue, Xue, Xue, Xue, Xue, Xu, Xue, Xu, Xue, Xue, Xue, Xu, Xue, Xu, Xue, Xue, Xue, Xue
Xu, Xu, Xu, Xu, Xu, Xu, Xu, Xu, Xu, Xu, Xu, Xu, Xu, Xu, Xu, Qxu, Qxu, Qxu, Qxu, Qxu, Qxu, Qxu, Qxu, Qxu, Qxu^Xo, Qxu, Qxu, Qxu, Qxu, Qxu, Qxu, Qxu, Qxu, Qxu, Qxu, Qxu, Qxu, Qxu, Qxu, Qxu, Qxu, Qxu, Uu, Uu, Uu, Uu, Qxu, Qxu, Qxu, Qxu, Qxu, Xu, Xu, Xu, Xue, Xue, Xu, Xu, Xu, Xue, Xue, Uue, Uue, Uue, Uue, Xue, Xue, Xue, Xue, Xue, Xue, Xue, Xue, Xue, Xue, Xue, Xue, Xue, Xue, Xue, Xue, Xue, Xue, Xue
Xu, Xu, Xu, Xu, Xu, Xu, Xu, Xu, Xu, Xu, Xu, Xu, Xu, Xu, Qxu, Qxu, Qxu, Qxu, Qxu, Qxu, Qxu, Qxu, Qxu, Qxu^Xo, Qxu^Xo, Qxu, Qxu, Qxu, Qxu, Qxu, Qxu, Qxu, Qxu, Qxu, Qxu, Qxu, Qxu, Qxu, Qxu, Qxu, Qxu, Qxu, Uu, Uu, Uu, Qxu, Qxu, Qxu, Qxu, Qxu, Xu, Xu, Xu, Xu, Xu, Xue, Xue, Xu, Xu, Xue, Xue, Xue, Xue, Uue, Uue, Uue, Xue, Xue, Xue, Xue, Xue, Xue, Xue, Xue, Xue, Xue, Xue, Xue, Xue, Xue, Xue, Xue, Xue, Xue
Xu, Xu, Xu, Xu, Xu, Xu, Xu, Xu, Xu, Xu, Xu, Xu, Xu, Xu, Qxu, Qxu, Qxu, Qxu, Qxu, Qxu, Qxu, Qxu, Qxu^Xo, Qxu^Xo, Qxu, Qxu, Qxu, Qxu, Qxu, Qxu, Qxu, Qxu, Qxu, Qxu, Qxu, Qxu, Qxu, Qxu, Qxu, Qxu, Uu, Qxu, Uu, Uu, Qxu, Qxu, Qxu, Qxu, Qxu, Qxu, Xu, Xu, Xu, Xu, Xu, Xu, Xue, Xu, Xu, Xu, Xu, Xue, Xue, Xue, Xue, Xue, Xue, Xue, Xue, Xue, Xue, Xue, Xue, Xue, Xue, Xue, Xue, Xue, Xue, Xue, Xue, Xue, Xue, Xue
Xu, Xu, Xu, Xu, Xu, Xu, Xu, Xu, Xu, Xu, Xu, Xu, Xu, Xu, Qxu, Qxu, Qxu, Qxu, Qxu, Qxu, Qxu, Qxu, Qxu^Xo, Qxu^Xo, Qxu, Qxu, Qxu, Qxu, Qxu, Qxu, Qxu, Qxu, Urb, Urb, Urb, Qxu, Uu, Qxu, Uu, Qxu, Uu, Uu, Qxu, Uu, Qxu, Qxu, Qxu, Qxu, Qxu, Xu, Xu, Xu, Xu, Xu, Xu, Xu, Xue, Xu, Xu, Xu, Xue, Xue, Uue, Uue, Uue, Uue, Uue, Xue, Xue, Xue, Xue, Xue, Xue, Xue, Xue, Xue, Xue, Xue, Xue, Xue, Xue, Xue, Xue, Xue
Xu, Xu, Xu, Xu, Xu, Xu, Xu, Xu, Xu, Xu, Xu, Xu, Xu, Xu, Qxu, Qxu, Qxu, Qxu, Qxu, Qxu, Qxu, Qxu^Xo, Qxu, Qxu, Qxu, Qxu, Qxu, Qxu, Qxu, Qxu, Urb, Urb, Urb, Urb, Urb, Urb, Urb, Uu, Uu, Uu, Uu, Uu, Qxu, Qxu, Qxu^Xo, Qxu, Qxu, Qxu, Xu, Xu, Xu, Xu, Xu, Xu, Xu, Xu, Xu, Xu, Xue, Xue, Uue, Uue, Uue, Uue, Ql, Uue, Uue, Uue, Uue, Xue, Xue, Xue, Xue, Xue, Xue, Xue, Xue, Xue, Xue, Xue, Xue, Xue, Xue, Xue
Xu, Xu, Xu, Xu, Xu, Xu, Xu, Xu, Xu, Xu, Xu, Xu, Xu, Qxu, Qxu, Qxu, Qxu, Qxu, Qxu, Qxu, Qxu, Qxu^Xo, Qxu, Qxu, Qxu, Qxu, Qxu, Qxu, Urb, Urb, Urb, Urb, Qxu, Qxu, Qxu, Urb, Urb, Urb, Urb, Uu, Uu, Qxu, Qxu, Qxu^Xo, Qxu^Xo, Qxu^Xo, Qxu^Xo, Qxu^Xo, Xu, Xue, Xu, Xue, Xue, Xue, Xu, Xu, Xue, Xue, Uue, Uue, Uue, Uue, Uue, Uue, Qlf, Uue, Uue, Uue, Uue, Uue, Uue, Xue, Xue, Xue, Xue, Xue, Xue, Xue, Xue, Xue, Xue, Xue, Xue, Xue
Xu, Xu, Xu, Xu, Xu, Xu, Xu, Xu, Xu, Xu, Xu, Xu, Qxu, Qxu, Qxu, Qxu, Qxu, Qxu, Qxu, Qxu, Qxu, Qxu^Xo, Qxu, Qxu, Qxu, Qxu, Qxu, Urb, Urb, Urb, Qxu, Qxu, Qxu, Qxu, Qxu, Qxu, Qxu, Urb, Urb, Urb, Qxu, Qxu, Qxu, Qxu, Qxu, Qxu^Xo, Qxu, Qxu, Qxu, Xu, Xu, Xu, Xu, Xu, Xue, Xue, Uue, Uue, Uue, Uue, Uu, Uue, Uue, Uue, Qlf, Uue, Uue, Uue, Uue, Uue, Uue, Uue, Uue, Xue, Xue, Xue, Xue, Xue, Xue, Xue, Xue, Xue, Xue, Xue
Xu, Xu, Xu, Xu, Xu, Xu, Xu, Xu, Xu, Xu, Qxu, Qxu, Qxu, Qxu, Qxu, Qxu, Qxu, Qxu, Qxu, Qxu, Qxu, Qxu^Xo, Qxu, Qxu, Qxu, Qxu, Qxu, Urb, Urb, Urb, Qxu, Qxu, Mm^Ii, Mv^Ii, Mm^Ii, Qxu, Qxu, Urb, Urb, Urb, Qxu, Qxu, Qxu, Qxu, Qxu, Qxu^Xo, Qxu^Xo, Qxu, Qxu, Xu, Xu, Xu, Xue, Xue, Uue, Uue, Uue, Uue, Uue, Ql, Qlf, Uue, Uue, Uue, Qxe, Uue, Uue, Uue, Qlf, Ql, Uue, Uue, Uue, Uue, Uue, Xue, Xue, Xue, Xue, Xue, Xue, Xue, Xue, Xue
Xu, Xu, Xu, Xu, Xu, Xu, Xu, Xu, Qxu, Qxu, Qxu, Qxu, Qxu, Qxu, Qxu, Qxu, Qxu, Qxu, Qxu, Qxu, Qxu, Qxu^Xo, Qxu, Qxu, Qxu, Qxu, Qxu, Urb, Urb, Urb, Qxu, Qxu, Qxu, Mm^Ii, Qxu, Qxu, Qxu, Urb, Urb, Urb, Qxu, Qxu, Qxu, Qxu, Qxu, Qxu^Xo, Qxu^Xo, Qxu, Qxu, Xu, Xu, Xue, Uue, Uue, Uue, Uue, Uue, Uue, Uue, Qlf, Uue^Fp, Qlf, Qxe, Qxe, Qxe, Qxe, Qxe, Qlf, Uue^Fp, Qlf, Uue, Uue, Uue, Uue, Uue, Uue, Uue, Xue, Xue, Xue, Xue, Xue, Xue, Xue
Xu, Xu, Xu, Xu, Xu, Xu, Qxu, Qxu, Qxu, Qxu, Qxu, Qxu, Qxu, Qxu, Qxu, Qxu, Qxu, Qxu, Qxu, Qxu, Qxu, Qxu^Xo, Qxu, Qxu, Qxu, Qxu, Qxu, Urb, Urb, Urb, Urb, Qxu, Qxu, Qxu, Qxu, Qxu, Urb, Urb, Urb, Urb, Qxu, Qxu, Qxu, Qxu, Qxu, Qxu^Xo, Qxu^Xo, Qxu, Xu, Xu, Xu, Xue, Uue, Uue, Ql, Uue, Uue, Uue, Uue, Qlf, Uue^Fp, Uue^Fp, Qxe, Qxe, Qxe, Qxe, Qxe, Uue^Fp, Uue^Fp, Qlf, Uue, Uue, Uue, Uue, Ql, Uue, Uue, Xue, Xue, Xue, Xue, Xue, Xue, Xue
Xu, Xu, Xu, Xu, Xu, Xu, Qxu, Qxu, Qxu, Qxu, Qxu, Qxu, Qxu, Qxu, Qxu, Qxu, Qxu, Qxu, Qxu, Qxu, Qxu, Qxu^Xo, Qxu, Qxu, Qxu, Qxu, Qxu, Urb, Urb, Urb, Urb, Urb, Urb, Qxu, Urb, Urb, Urb, Urb, Urb, Urb, Qxu, Qxu, Qxu, Qxu, Qxu, Qxu^Xo, Qxu, Qxu, Xu, Xu, Xu, Xue, Uue, Uue, Uue, Qlf, Qlf, Uue, Qxe, Qxe, Qxe, Uue^Fp, Qxe, Qxe, Qxe, Qxe, Qxe, Uue^Fp, Qxe, Qxe, Qxe, Uue, Qlf, Qlf, Uue, Uue, Uue, Xue, Xue, Xue, Xue, Xue, Xue, Xue
Xu, Xu, Xu, Xu, Xu, Xu, Qxu, Qxu, Qxu, Qxu, Qxu, Qxu, Qxu, Qxu, Qxu, Qxu, Qxu, Qxu, Qxu, Qxu, Qxu, Qxu^Xo, Qxu^Xo, Qxu, Qxu, Qxu, Qxu, Qxu, Qxu, Urb, Urb, Urb, Urb, Urb, Urb, Urb, Urb, Urb, Qxu, Qxu, Qxu, Qxu, Qxu, Qxu, Qxu^Xo, Qxu^Xo, Qxu, Qxu, Qxu, Xu, Xu, Xue, Uue, Uue, Uue, Uue, Uue, Qxe, Qxe, Qxe, Qxe^Ii, Qxe, Qxu, Qxe, Uue^Fet, Qxe, Qxu, Qxe, Qxe^Ii, Qxe, Qxe, Qxe, Uue, Uue, Uue, Uue, Uue, Xue, Xue, Xue, Xue, Xue, Xue, Xue
Xu, Xu, Xu, Xu, Xu, Xu, Qxu, Qxu, Qxu, Qxu, Qxu, Qxu, Qxu, Qxu, Qxu, Qxu, Qxu, Qxu, Qxu, Qxu, Qxu, Qxu, Qxu^Xo, Qxu, Qxu, Qxu, Qxu, Qxu, Qxu, Qxu, Qxu, Urb, Urb, Urb, Urb, Urb, Qxu, Qxu, Qxu, Qxu, Qxu, Qxu, Qxu, Qxu, Qxu^Xo, Qxu, Qxu^Xo, Qxu, Qxu, Xu, Xu, Xue, Uue, Uue, Uue, Uue, Uue, Qxe, Qxe, Qxu, Qxe, Qxe^Ii, Qxu^Ii, Uue^Fet, Uue^Fet, Uue^Fet, Qxu^Ii, Qxe^Ii, Qxe, Qxe, Qxe, Qxe, Uue, Uue, Uue, Uue, Uue, Xue, Xue, Xue, Xue, Xue, Xue, Xue
Xu, Xu, Xu, Xu, Xu, Xu, Qxu, Qxu, Qxu, Qxu, Qxu, Qxu, Qxu, Qxu, Qxu, Qxu, Qxu, Qxu, Qxu, Qxu, Qxu, Qxu, Qxu^Xo, Qxu^Xo, Qxu, Qxu, Qxu, Qxu, Qxu, Qxu, Qxu, Qxu, Qxu, Urb, Qxu, Qxu, Qxu, Qxu, Qxu, Qxu, Qxu, Qxu, Qxu, Qxu, Qxu^Xo, Qxu^Xo, Qxu, Qxu, Qxu, Qxu, Xu, Xue, Uue, Uue, Uue, Uue, Qlf, Qxe, Qxe, Qxe, Qxe, Qxe^Ii, Qxe^Ii, Qxu, Qxe, Qxe, Qxe^Ii, Qxe^Ii, Qxe, Qxe, Qxe, Qxe, Qlf, Uue, Uue, Uue, Uue, Xue, Xue, Xue, Xue, Xue, Xue, Xue
Xu, Xu, Xu, Xu, Xu, Qxu, Qxu, Qxu, Qxu, Qxu, Qxu, Qxu, Qxu, Qxu, Qxu, Qxu, Qxu, Qxu, Qxu, Qxu, Qxu, Qxu, Qxu, Qxu^Xo, Qxu^Xo, Qxu, Qxu, Qxu, Qxu, Qxu, Qxu, Qxu, Qxu, Qxu, Qxu, Qxu, Qxu, Qxu, Qxu, Qxu, Qxu, Qxu, Qxu^Xo, Qxu^Xo, Qxu, Qxu, Qxu, Qxu, Qxu, Qxu, Xu, Xue, Uue, Uue, Ql, Qlf, Uue^Fp, Uue^Fp, Uue^Fp, Qxe, Uue^Fet, Uue^Fet, Qxu, Qxe^Ii, Uue^Ii, Qxe^Ii, Qxe, Uue^Fet, Uue^Fet, Qxe, Uue^Fp, Uue^Fp, Uue^Fp, Qlf, Ql, Uue, Uue, Xue, Xue, Xue, Xue, Xue, Xue, Xue
Xu, Xu, Xu, Xu, Xu, Qxu, Qxu, Qxu, Qxu, Qxu, Qxu, Qxu, Qxu, Qxu, Qxu, Qxu, Qxu, Qxu, Qxu, Qxu, Qxu, Qxu, Qxu, Qxu, Qxu, Qxu^Xo, Qxu^Xo, Qxu, Qxu, Qxu, Qxu, Qxu, Qxu, Qxu, Qxu, Qxu, Qxu, Qxu, Qxu, Qxu, Qxu^Xo, Qxu^Xo, Qxu, Qxu^Xo, Qxu, Qxu, Qxu, Qxu, Qxu, Qxu, Xu, Xue, Uue, Uue, Uue, Qlf, Qlf, Uue^Fp, Qxe, Qxe, Qxe, Uue^Fet, Qxu^Ii, Qxe, Qxe, Qxe, Qxe^Ii, Uue^Fet, Qxe, Qxe, Qxe, Uue^Fp, Qlf, Qlf, Uue, Uue, Uue, Xue, Xue, Xue, Xue, Xue, Xue, Xue
Xu, Xu, Xu, Xu, Xu, Qxu, Qxu, Qxu, Qxu, Qxu, Qxu, Qxu, Qxu, Qxu, Qxu, Qxu, Qxu, Qxu, Qxu, Qxu, Qxu, Qxu, Qxu, Qxu, Qxu, Qxu, Qxu, Qxu^Xo, Qxu^Xo, Qxu, Qxu, Qxu, Qxu, Qxu, Qxu, Qxu, Qxu, Qxu, Qxu^Xo, Qxu^Xo, Qxu, Qxu, Qxu, Qxu, Qxu, Qxu, Qxu, Qxu, Qxu, Xu, Xu, Xue, Uue, Uue, Uue, Uue, Uue, Qxe, Qxe, Qxe, Qxe, Qxe^Ii, Qxu, Qxe, Uue^Fet, Qxe, Qxu, Qxu^Ii, Qxe, Qxe, Qxe, Qxe, Uue, Uue, Uue, Uue, Uue, Xue, Xue, Xue, Xue, Xue, Xue, Xue
Xu, Xu, Xu, Xu, Xu, Qxu, Qxu, Qxu, Qxu, Qxu, Qxu, Qxu, Qxu, Qxu, Qxu, Qxu, Qxu, Qxu, Qxu, Qxu, Qxu, Qxu, Qxu, Qxu, Qxu, Qxu, Qxu, Qxu, Qxu, Qxu^Xo, Qxu^Xo, Qxu, Qxu^Xo, Qxu, Qxu^Xo, Qxu^Xo, Qxu^Xo, Qxu^Xo, Qxu, Qxu, Qxu, Qxu, Qxu, Qxu, Qxu, Qxu, Qxu, Qxu, Qxu, Xu, Xu, Xue, Uue, Uue, Uue, Uue, Uue, Qxe, Qxe, Qxe, Qxe, Qxe, Qxu, Uue^Fet, Uue^Fet, Uue^Fet, Qxu, Qxu, Qxe, Qxe, Qxe, Qxe, Uue, Uue, Uue, Uue, Uue, Xue, Xue, Xue, Xue, Xue, Xue, Xue
Xu, Xu, Xu, Xu, Xu, Qxu, Qxu, Qxu, Qxu, Qxu, Qxu, Qxu, Qxu, Qxu, Qxu, Qxu, Qxu, Qxu, Qxu, Qxu, Qxu, Qxu, Qxu, Qxu, Qxu, Qxu, Qxu, Qxu, Qxu, Qxu, Qxu, Qxu^Xo, Qxu^Xo, Qxu^Xo, Qxu^Xo, Qxu^Xo, Qxu, Qxu, Qxu, Qxu, Qxu, Qxu, Qxu, Qxu, Qxu, Qxu, Qxu, Qxu, Xu, Xu, Xu, Xue, Uue, Uue, Uue, Uue, Qlf, Qxe, Qxe, Qxe, Qxe, Qxe, Qxe, Qxe, Qxe, Qxe, Qxe, Qxe, Qxe, Qxe, Qxe, Qxe, Qlf, Uue, Uue, Uue, Uue, Xue, Xue, Xue, Xue, Xue, Xue, Xue
Xu, Xu, Xu, Xu, Xu, Qxu, Qxu, Qxu, Qxu, Qxu, Qxu, Qxu, Qxu, Qxu, Qxu, Qxu, Qxu, Qxu, Qxu, Qxu, Qxu, Qxu, Qxu, Qxu, Qxu, Qxu, Qxu, Qxu, Qxu, Qxu, Qxu, Qxu, Qxu, Qxu, Qxu, Qxu, Qxu, Qxu, Qxu, Qxu, Qxu, Qxu, Qxu, Qxu, Qxu, Qxu, Qxu, Xue, Xu, Xu, Xu, Xue, Uue, Uue, Ql, Qlf, Uue, Uue, Uue, Qxe, Uue^Fp, Uue^Fp, Qxe, Qxe, Qxe, Qxe, Qxe, Uue^Fp, Uue^Fp, Qxe, Uue, Uue, Uue, Qlf, Ql, Uue, Uue, Xue, Xue, Xue, Xue, Xue, Xue, Xue
Xu, Xu, Xu, Xu, Xu, Qxu, Qxu, Qxu, Qxu, Qxu, Qxu, Qxu, Qxu, Qxu, Qxu, Qxu, Qxu, Qxu, Qxu, Qxu, Qxu, Qxu, Qxu, Qxu, Qxu, Qxu, Qxu, Qxu, Qxu, Qxu, Qxu, Qxu, Qxu, Qxu, Qxu, Qxu, Qxu, Qxu, Qxu, Qxu, Qxu, Qxu, Qxu, Qxu, Xue, Qxu, Xue, Xu, Xu, Xu, Xu, Xue, Uue, Uue, Uue, Uue, Uue, Uue, Uue, Qlf, Uue^Fp, Uue^Fp, Qxe, Qxe, Qxe, Qxe, Qxe, Uue^Fp, Uue^Fp, Qlf, Uue, Uue, Uue, Uue, Uue, Uue, Uue, Xue, Xue, Xue, Xue, Xue, Xue, Xue
Xu, Xu, Xu, Xu, Xu, Qxu, Qxu, Qxu, Qxu, Qxu, Qxu, Qxu, Qxu, Qxu, Qxu, Qxu, Qxu, Qxu, Qxu, Qxu, Qxu, Qxu, Qxu, Qxu, Qxu, Qxu, Qxu, Qxu, Qxu, Qxu, Qxu, Qxu, Qxu, Qxu, Qxu, Qxu, Qxu, Qxu, Qxu, Qxu, Qxu, Qxu, Qxu, Qxu, Xue, Xue, Xu, Xu, Xu, Xu, Xu, Xue, Xue, Uue, Uue, Uue, Uue, Uue, Uue, Qlf, Qlf, Qlf, Uue, Qxe, Qxe, Qxe, Uue, Qlf, Qlf, Qlf, Uue, Uue, Uue, Uue, Uue, Uue, Xue, Xue, Xue, Xue, Xue, Xue, Xue, Xue
Xu, Xu, Xu, Xu, Xu, Qxu, Qxu, Qxu, Qxu, Qxu, Qxu, Qxu, Qxu, Qxu, Qxu, Qxu, Qxu, Qxu, Qxu, Qxu, Qxu, Qxu, Qxu, Qxu, Qxu, Qxu, Qxu, Qxu, Qxu, Qxu, Qxu, Qxu, Qxu, Qxu, Qxu, Qxu, Qxu, Qxu, Qxu, Qxu, Qxu, Qxu, Qxu, Xu, Xu, Xue, Xu, Xu, Xu, Xu, Xu, Xu, Xu, Xue, Xue, Uue, Uue, Uue, Uue, Ql, Uue, Uue, Uue, Uue, Qlf, Uue, Uue, Uue, Uue, Ql, Uue, Uue, Uue, Uue, Xue, Xue, Xue, Xue, Xue, Xue, Xue, Xue, Xue, Xue
Xu, Xu, Xu, Xu, Xu, Xu, Qxu, Qxu, Qxu, Qxu, Qxu, Qxu, Qxu, Qxu, Qxu, Qxu, Qxu, Qxu, Qxu, Qxu, Qxu, Qxu, Qxu, Qxu, Qxu, Qxu, Qxu, Qxu, Qxu, Qxu, Qxu, Qxu, Qxu, Qxu, Qxu, Qxu, Qxu, Qxu, Qxu, Qxu, Qxu, Qxu, Qxu, Xu, Xu, Xue, Xu, Xu, Xu, Xu, Xu, Xu, Xu, Xu, Xue, Xue, Xue, Uue, Uue, Uue, Uue, Uue, Uue, Uue, Qlf, Uue, Uue, Uue, Uue, Uue, Uue, Uue, Xue, Xue, Xue, Xue, Xue, Xue, Xue, Xue, Xue, Xue, Xue, Xue
Xu, Xu, Xu, Xu, Xu, Xu, Qxu, Qxu, Qxu, Qxu, Qxu, Qxu, Qxu, Qxu, Qxu, Qxu, Qxu, Qxu, Qxu, Qxu, Qxu, Qxu, Qxu, Qxu, Qxu, Qxu, Qxu, Qxu, Qxu, Qxu, Qxu, Qxu, Qxu, Qxu, Qxu, Qxu, Qxu, Qxu, Qxu, Qxu, Qxu, Qxu, Qxu, Xu, Xu, Xue, Xue, Xu, Xu, Xu, Xu, Xu, Xu, Xu, Xue, Xue, Xue, Xue, Xue, Uue, Uue, Uue, Uue, Uue, Ql, Uue, Uue, Uue, Uue, Uue, Xue, Xue, Xue, Xue, Xue, Xue, Xue, Xue, Xue, Xue, Xue, Xue, Xue, Xue
Xu, Xu, Xu, Xu, Xu, Xu, Qxu, Qxu, Qxu, Qxu, Qxu, Qxu, Qxu, Qxu, Qxu, Qxu, Qxu, Qxu, Qxu, Qxu, Qxu, Qxu, Qxu, Qxu, Qxu, Qxu, Qxu, Qxu, Qxu, Qxu, Qxu, Qxu, Qxu, Qxu, Qxu, Qxu, Qxu, Qxu, Qxu, Qxu, Qxu, Qxu, Qxu, Xu, Xue, Xue, Xue, Xue, Xue, Xu, Xu, Xu, Xu, Xu, Xu, Xue, Xue, Xue, Xue, Xue, Xue, Uue, Uue, Uue, Uue, Uue, Uue, Uue, Xue, Xue, Xue, Xue, Xue, Xue, Xue, Xue, Xue, Xue, Xue, Xue, Xue, Xue, Xue, Xue
Xu, Xu, Xu, Xu, Xu, Xu, Xu, Qxu, Qxu, Qxu, Qxu, Qxu, Qxu, Qxu, Qxu, Qxu, Qxu, Qxu, Qxu, Qxu, Qxu, Qxu, Qxu, Qxu, Qxu, Qxu, Qxu, Qxu, Qxu, Qxu, Qxu, Qxu, Qxu, Qxu, Qxu, Qxu, Qxu, Qxu, Qxu, Qxu, Qxu, Qxu, Xu, Xue, Xue, Xue, Xue, Xue, Xue, Xue, Xue, Xu, Xu, Xu, Xu, Xu, Xu, Xue, Xue, Xue, Xue, Xue, Xue, Uue, Uue, Uue, Xue, Xue, Xue, Xue, Xue, Xue, Xue, Xue, Xue, Xue, Xue, Xue, Xue, Xue, Xue, Xue, Xue, Xue
Xu, Xu, Xu, Xu, Xu, Xu, Xu, Xu, Xu, Qxu, Qxu, Qxu, Qxu, Qxu, Qxu, Qxu, Qxu, Qxu, Qxu, Qxu, Qxu, Qxu, Qxu, Qxu, Qxu, Qxu, Qxu, Qxu, Qxu, Qxu, Qxu, Qxu, Qxu, Qxu, Qxu, Qxu, Qxu, Qxu, Qxu, Qxu, Qxu, Qxu, Xue, Xue, Xue, Xue, Xue, Xue, Xue, Xue, Xue, Xue, Xue, Xu, Xu, Xu, Xu, Xu, Xu, Xue, Xue, Xue, Xue, Xue, Xue, Xue, Xue, Xue, Xue, Xue, Xue, Xue, Xue, Xue, Xue, Xue, Xue, Xue, Xue, Xue, Xue, Xue, Xue, Xue
Xu, Xu, Xu, Xu, Xu, Xu, Xu, Xu, Xu, Qxu, Qxu, Qxu, Qxu, Qxu, Qxu, Qxu, Qxu, Qxu, Qxu, Qxu, Qxu, Qxu, Qxu, Qxu, Qxu, Qxu, Qxu, Qxu, Qxu, Qxu, Qxu, Qxu, Qxu, Qxu, Qxu, Qxu, Qxu, Qxu, Qxu, Qxu, Qxu, Xue, Xue, Xue, Xue, Xue, Xue, Xue, Xue, Xue, Xue, Xue, Xue, Xue, Xue, Xu, Xu, Xu, Xu, Xu, Xu, Xue, Xue, Xue, Xue, Xue, Xue, Xue, Xue, Xue, Xue, Xue, Xue, Xue, Xue, Xue, Xue, Xue, Xue, Xue, Xue, Xue, Xue, Xue
Xu, Xu, Xu, Xu, Xu, Xu, Xu, Xu, Xu, Qxu, Qxu, Qxu, Qxu, Qxu, Qxu, Qxu, Qxu, Qxu, Qxu, Qxu, Qxu, Qxu, Qxu, Qxu, Qxu, Qxu, Qxu, Qxu, Qxu, Qxu, Qxu, Qxu, Qxu, Qxu, Qxu, Qxu, Qxu, Qxu, Qxu, Qxu, Xue, Xue, Xue, Xue, Xue, Xue, Xue, Xue, Xue, Xue, Xue, Xue, Xue, Xue, Xue, Xue, Xue, Xu, Xu, Xu, Xu, Xu, Xue, Xue, Xue, Xue, Xue, Xue, Xue, Xue, Xue, Xue, Xue, Xue, Xue, Xue, Xue, Xue, Xue, Xue, Xue, Xue, Xue, Xue
