border_size=1
usage=map

Woby, Woby, Woby, Woby, Woby, Woby, Woby, Woby, Woby, Woby, Woby, Woby, Woby, Woby, Woby, Woby, Woby, Woby, Woby, Woby, Woby, Woby, Woby, Woby, Woby, Woby, Woby, Woby, Woby, Woby, Woby
Woby, Woby, Woby, Woby, Woby, Woby, Woby, Woby, Woby, Woby, Woby, Woby, Woby, Woby, Woby, Woby, Woby, Woby, Woby, Woby, Woby, Woby, Woby, Woby, Woby, Woby, Woby, Woby, Woby, Woby, Woby
Woby, Woby, Woby, Woby, Woby, Woby, Woby, Woby, Woby, Woby, Woby, Woby, Woby, Woby, Woby, Woby, Woby, Woby, Woby, Woby, Woby, Woby, Woby, Woby, Woby, Woby, Woby, Woby, Woby, Woby, Woby
Woby, Woby, Woby, Woby, Woby, Woby, Woby, Woby, Woby, Woby, Woby, Woby, Woby, Woby, Woby, Woby, Woby, Woby, Woby, Woby, Woby, Woby, Woby, Woby, Woby, Woby, Woby, Woby, Woby, Woby, Woby
Woby, Woby, Woby, Woby, Woby, Woby, Woby, Woby, Woby, Woby, Woby, Woby, Woby, Woby, Woby, Woby, Woby, Woby, Woby, Woby, Woby, Woby, Woby, Woby, Woby, Woby, Woby, Woby, Woby, Woby, Woby
Woby, Woby, Woby, Woby, Woby, Woby, Woby, Woby, Woby, Woby, Woby, Woby, Woby, Woby, Woby, Woby, Woby, Woby, Woby, Woby, Woby, Woby, Woby, Woby, Woby, Woby, Woby, Woby, Woby, Woby, Woby
Woby, Woby, Woby, Woby, Woby, Woby, Woby, Woby, Woby, Woby, Woby, Woby, Woby, Woby, Woby, Woby, Woby, Woby, Woby, Woby, Woby, Woby, Woby, Woby, Woby, Woby, Woby, Woby, Woby, Woby, Woby
Woby, Woby, Woby, Woby, Woby, Woby, Woby, Woby, Woby, Woby, Woby, Woby, Woby, Woby, Qxu^Cov, Qxu^Cov, Qxu^Cov, Woby, Woby, Woby, Woby, Woby, Woby, Woby, Woby, Woby, Woby, Woby, Woby, Woby, Woby
Woby, Woby, Woby, Woby, Woby, Woby, Woby, Woby, Woby, Woby, Woby, Woby, Woby, Woby, Qxu^Cov, 1 Qxu^Kov, Qxu^Cov, Woby, Woby, Woby, Woby, Woby, Woby, Woby, Woby, Woby, Woby, Woby, Woby, Woby, Woby
Woby, Woby, Woby, Woby, Woby, Woby, Woby, Woby, Woby, Woby, Woby, Woby, Woby, Woby, Woby, Qxu^Cov, Woby, Woby, Woby, Woby, Woby, Woby, Woby, Woby, Woby, Woby, Woby, Woby, Woby, Woby, Woby
Woby, Woby, Woby, Woby, Woby, Woby, Woby, Woby, Woby, Woby, Woby, Woby, Woby, Woby, Woby, Woby, Woby, Woby, Woby, Woby, Woby, Woby, Woby, Woby, Woby, Woby, Woby, Woby, Woby, Woby, Woby
Woby, Woby, Woby, Woby, Woby, Woby, Woby, Woby, Woby, Woby, Woby, Woby, Woby, Woby, Woby, Woby, Woby, Woby, Woby, Woby, Woby, Woby, Woby, Woby, Woby, Woby, Woby, Woby, Woby, Woby, Woby
Woby, Woby, Woby, Woby, Woby, Woby, Woby, Woby, Woby, Woby, Woby, Woby, Woby, Woby, Woby, Woby, Woby, Woby, Woby, Woby, Woby, Woby, Woby, Woby, Woby, Woby, Woby, Woby, Woby, Woby, Woby
Woby, Woby, Woby, Woby, Woby, Woby, Woby, Woby, Woby, Woby, Woby, Woby, Woby, Woby, Woby, Woby, Woby, Woby, Woby, Woby, Woby, Woby, Woby, Woby, Woby, Woby, Woby, Woby, Woby, Woby, Woby
Woby, Woby, Woby, Woby, Woby, Woby, Woby, Woby, Woby, Woby, Woby, Woby, Woby, Woby, Woby, Woby, Woby, Woby, Woby, Woby, Woby, Woby, Woby, Woby, Woby, Woby, Woby, Woby, Woby, Woby, Woby
Woby, Woby, Woby, Woby, Woby, Woby, Woby, Woby, Woby, Woby, Woby, Woby, Woby, Woby, Woby, Woby, Woby, Woby, Woby, Woby, Woby, Woby, Woby, Woby, Woby, Woby, Woby, Woby, Woby, Woby, Woby
Woby, Woby, Woby, Woby, Woby, Woby, Woby, Woby, Woby, Woby, Woby, Woby, Woby, Woby, Woby, Woby, Woby, Woby, Woby, Woby, Woby, Woby, Woby, Woby, Woby, Woby, Woby, Woby, Woby, Woby, Woby
Woby, Woby, Woby, Woby, Woby, Woby, Woby, Woby, Woby, Woby, Woby, Woby, Woby, Woby, Woby, Woby, Woby, Woby, Woby, Woby, Woby, Woby, Woby, Woby, Woby, Woby, Woby, Woby, Woby, Woby, Woby
Woby, Woby, Woby, Woby, Woby, Woby, Woby, Woby, Woby, Woby, Woby, Woby, Woby, Woby, Woby, Woby, Woby, Woby, Woby, Woby, Woby, Woby, Woby, Woby, Woby, Woby, Woby, Woby, Woby, Woby, Woby
Woby, Woby, Woby, Woby, Woby, Woby, Woby, Woby, Woby, Woby, Woby, Woby, Woby, Woby, Woby, Woby, Woby, Woby, Woby, Woby, Woby, Woby, Woby, Woby, Woby, Woby, Woby, Woby, Woby, Woby, Woby
Woby, Woby, Woby, Woby, Woby, Woby, Woby, Woby, Woby, Woby, Woby, Woby, Woby, Woby, Woby, Woby, Woby, Woby, Woby, Woby, Woby, Woby, Woby, Woby, Woby, Woby, Woby, Woby, Woby, Woby, Woby
Woby, Woby, Woby, Woby, Woby, Woby, Woby, Woby, Woby, Woby, Woby, Woby, Woby, Woby, Woby, Woby, Woby, Woby, Woby, Woby, Woby, Woby, Woby, Woby, Woby, Woby, Woby, Woby, Woby, Woby, Woby
Woby, Woby, Woby, Woby, Woby, Woby, Woby, Woby, Woby, Woby, Woby, Woby, Woby, Woby, Woby, Woby, Woby, Woby, Woby, Woby, Woby, Woby, Woby, Woby, Woby, Woby, Woby, Woby, Woby, Woby, Woby
Woby, Woby, Woby, Woby, Woby, Woby, Woby, Woby, Woby, Woby, Woby, Woby, Woby, Woby, Woby, Woby, Woby, Woby, Woby, Woby, Woby, Woby, Woby, Woby, Woby, Woby, Woby, Woby, Woby, Woby, Woby
Woby, Woby, Woby, Woby, Woby, Woby, Woby, Woby, Woby, Woby, Woby, Woby, Woby, Woby, Woby, Woby, Woby, Woby, Woby, Woby, Woby, Woby, Woby, Woby, Woby, Woby, Woby, Woby, Woby, Woby, Woby
Woby, Woby, Woby, Woby, Woby, Woby, Woby, Woby, Woby, Woby, Woby, Woby, Woby, Woby, Woby, Woby, Woby, Woby, Woby, Woby, Woby, Woby, Woby, Woby, Woby, Woby, Woby, Woby, Woby, Woby, Woby
Woby, Woby, Woby, Woby, Woby, Woby, Woby, Woby, Woby, Woby, Woby, Woby, Woby, Woby, Woby, Woby, Woby, Woby, Woby, Woby, Woby, Woby, Woby, Woby, Woby, Woby, Woby, Woby, Woby, Woby, Woby
Woby, Woby, Woby, Woby, Woby, Woby, Woby, Woby, Woby, Woby, Woby, Woby, Woby, Woby, Woby, Woby, Woby, Woby, Woby, Woby, Woby, Woby, Woby, Woby, Woby, Woby, Woby, Woby, Woby, Woby, Woby
Woby, Woby, Woby, Woby, Woby, Woby, Woby, Woby, Woby, Woby, Woby, Woby, Woby, Woby, Wwby, Wwby, Wwby, Woby, Woby, Woby, Woby, Woby, Woby, Woby, Woby, Woby, Woby, Woby, Woby, Woby, Woby
Woby, Woby, Woby, Woby, Woby, Woby, Woby, Woby, Woby, Woby, Woby, Woby, Woby, Wwby, Wwby, Wwby, Wwby, Wwby, Woby, Woby, Woby, Woby, Woby, Woby, Woby, Woby, Woby, Woby, Woby, Woby, Woby
Woby, Woby, Woby, Woby, Woby, Woby, Woby, Woby, Woby, Woby, Woby, Woby, Woby, Wwby, Wwby, Gd^Fyok, Wwby, Wwby, Woby, Woby, Woby, Woby, Woby, Woby, Woby, Woby, Woby, Woby, Woby, Woby, Woby
Woby, Woby, Woby, Woby, Woby, Woby, Woby, Woby, Woby, Woby, Woby, Woby, Woby, Wwby, Wwby, Wwby, Wwby, Wwby, Woby, Woby, Woby, Woby, Woby, Woby, Woby, Woby, Woby, Woby, Woby, Woby, Woby
Woby, Woby, Woby, Woby, Woby, Woby, Woby, Woby, Woby, Woby, Woby, Woby, Woby, Woby, Woby, Wwby, Woby, Woby, Woby, Woby, Woby, Woby, Woby, Woby, Woby, Woby, Woby, Woby, Woby, Woby, Woby
Woby, Woby, Woby, Woby, Woby, Woby, Woby, Woby, Woby, Woby, Woby, Woby, Woby, Woby, Woby, Woby, Woby, Woby, Woby, Woby, Woby, Woby, Woby, Woby, Woby, Woby, Woby, Woby, Woby, Woby, Woby
Woby, Woby, Woby, Woby, Woby, Woby, Woby, Woby, Woby, Woby, Woby, Woby, Woby, Woby, Woby, Woby, Woby, Woby, Woby, Woby, Woby, Woby, Woby, Woby, Woby, Woby, Woby, Woby, Woby, Woby, Woby
Woby, Woby, Woby, Woby, Woby, Woby, Woby, Woby, Woby, Woby, Woby, Woby, Woby, Woby, Woby, Woby, Woby, Woby, Woby, Woby, Woby, Woby, Woby, Woby, Woby, Woby, Woby, Woby, Woby, Woby, Woby
Woby, Woby, Woby, Woby, Woby, Woby, Woby, Woby, Woby, Woby, Woby, Woby, Woby, Woby, Woby, Woby, Woby, Woby, Woby, Woby, Woby, Woby, Woby, Woby, Woby, Woby, Woby, Woby, Woby, Woby, Woby
Woby, Woby, Woby, Woby, Woby, Woby, Woby, Woby, Woby, Woby, Woby, Woby, Woby, Woby, Wuy, Wuy, Wuy, Woby, Woby, Woby, Woby, Woby, Woby, Woby, Woby, Woby, Woby, Woby, Woby, Woby, Woby
Woby, Woby, Woby, Woby, Woby, Woby, Woby, Woby, Woby, Woby, Woby, Woby, Wuy, Wuy, Zdyd, Zdyd, Zdyd, Wuy, Wuy, Woby, Woby, Woby, Wuy, Woby, Wuy, Woby, Wuy, Woby, Wuy, Woby, Wuy
Wuy, Wuy, Wuy, Wuy, Wuy, Wuy, Wuy, Wuy, Wuy, Wuy, Wuy, Wuy, Zdyd, Zdyd, Zdyd, Zdyd, Zdyd, Zdyd, Zdyd, Wuy, Wuy, Wuy, Wuy, Wuy, Wuy, Wuy, Wuy, Wuy, Wuy, Wuy, Wuy
Wuy, Wuy, Wuy, Wuy, Wuy, Wuy, Wuy, Wuy, Wuy, Wuy, Wuy, Zdyd, Zdyd, Zdyd, Zdyd, Zdyd, Zdyd, Zdyd, Zdyd, Zdyd, Wuy, Wuy, Zdyd, Wuy, Zdyd, Wuy, Zdyd, Wuy, Zdyd, Wuy, Zdyd
Zdyd, Zdyd, Zdyd, Zdyd, Zdyd, Zdyd, Zdyd, Zdyd, Zdyd, Wuy, Wuy, Zdyd, Zdyd, Zdyd, Zdyd, Zdyd, Zdyd, Zdyd, Zdyd, Zdyd, Wuy, Wuy, Zdyd, Zdyd, Zdyd, Zdyd, Zdyd, Zdyd, Zdyd, Zdyd, Zdyd
Zdyd, Zdyd, Zdyd, Zdyd, Zdyd, Zdyd, Zdyd, Zdyd, Zdyd, Wuy, Wuy, Zdyd, Zdyd, Zdyd, Zdyd, Gd^Fyok, Zdyd, Zdyd, Zdyd, Zdyd, Wuy, Wuy, Zdyd, Zdyd, Zdyd, Zdyd, Zdyd, Zdyd, Zdyd, Zdyd, Zdyd
Zdyd, Zdyd, Zdyd, Zdyd, Zdyd, Zdyd, Zdyd, Zdyd, Zdyd, Wuy, Wuy, Zdyd, Zdyd, Zdyd, Zdyd, Zdyd, Zdyd, Zdyd, Zdyd, Zdyd, Wuy, Wuy, Zdyd, Zdyd, Zdyd, Zdyd, Zdyd, Zdyd, Zdyd, Zdyd, Zdyd
Zdyd, Zdyd, Zdyd, Zdyd, Zdyd, Zdyd, Zdyd, Zdyd, Zdyd, Wuy, Wuy, Zdyd, Zdyd, Zdyd, Zdyd, Zdyd, Zdyd, Zdyd, Zdyd, Zdyd, Wuy, Wuy, Zdyd, Zdyd, Zdyd, Zdyd, Zdyd, Zdyd, Zdyd, Zdyd, Zdyd
Zdyd, Zdyd, Zdyd, Zdyd, Zdyd, Zdyd, Zdyd, Zdyd, Zdyd, Wuy, Wuy, Wuy, Wuy, Zdyd, Zdyd, Zdyd, Zdyd, Zdyd, Wuy, Wuy, Wuy, Wuy, Zdyd, Zdyd, Zdyd, Zdyd, Zdyd, Zdyd, Zdyd, Zdyd, Zdyd
Zdyd, Zdyd, Zdyd, Zdyd, Zdyd, Zdyd, Zdyd, Zdyd, Zdyd, Zdyd, Zdyd, Wuy, Wuy, Wuy, Wuy, Zdyd, Wuy, Wuy, Wuy, Wuy, Zdyd, Zdyd, Zdyd, Zdyd, Zdyd, Zdyd, Zdyd, Zdyd, Zdyd, Zdyd, Zdyd
Zdyd, Zdyd, Zdyd, Zdyd, Zdyd, Zdyd, Zdyd, Zdyd, Zdyd, Zdyd, Zdyd, Zdyd, Zdyd, Wuy, Wuy, Wuy, Wuy, Wuy, Zdyd, Zdyd, Zdyd, Zdyd, Zdyd, Zdyd, Zdyd, Zdyd, Zdyd, Zdyd, Zdyd, Zdyd, Zdyd
Wuy, Wuy, Wuy, Wuy, Wuy, Wuy, Wuy, Wuy, Wuy, Wuy, Wuy, Wuy, Wuy, Wuy, Wuy, Wuy, Wuy, Wuy, Wuy, Wuy, Wuy, Wuy, Wuy, Wuy, Wuy, Wuy, Wuy, Wuy, Wuy, Wuy, Wuy
