Mdd, Mdd, Mdd, Hhd, Hd, Hhd, Hhd, Hhd, Dd^Fts, Hhd, Mdd, Mdd, Mdd, Md, Mdd, Mdd, Mdd, Hd, Dd, Dd^Esd, Drt, Drt^Edb, Qdrt, Qdrt, Qdrt, Qdrt, Ql, Ql, Ql, Ql, Ql, Ql, Ql, Qdrt, Qdrt^Edb, Drt, Drt^Edb, Drt, Drt, Drt^Esd, Dd^Esd, Hhd^Edpp, Drt, Drt, Dd, Mdd, Mdd, Mdd, Mdd^Xm, Mdd^Xm, Mdd^Xm, Dd, Bryd, Brym, Brym, Dd, Mdd, Mdd, Mdd, Mdd, Mdd, Mdd, Mdd
Mdd, Mdd, Hd^Ftd, Hd^Ftd, Dd^Ftd, Rd, Rd, Dd^Ftd, Drt, Re, Rd, Hhd^Fts, Re^Fts, Mdd, Mdd, Mdd, Mdd, Hd^Fts, Dd^Edp, Drt, Drt^Edb, Qdrt, Qdrt, Qdrt^Edb, Qdrt^Edb, Ql, Qdrt, Ql, Ql, Ql, Ql, Ql, Qdrt, Qdrt, Qdrt^Edb, Drt^Edb, Drt^Edb, Drt, Drt, Dd^Edpp, Drt, Hhd^Edpp, Dd, Drt, Dd, Mdd, Mdd, Mdd^Xm, Mdd^Xm, Mdd^Xm, Mdd, Dd, Bryd, Bryd, Brym, Dd, Re^Rsty, Dd, Dd, Dd, Dd, Mdd, Mdd
Mdd, Mdd, Hd^Ftp, Mdd, Dd^Ftd, Drt, Drt, Drt, Rd, Drt, Rd^Fts, Re, Hd^Fts, Hhd^Fts, Mdd, Hhd^Efs, Hd, Dd^Esd, Dd^Edp, Drt^Edb, Drt, Drt^Edb, Qdrt^Edb, Ql, Ql, Qdrt, Ql, Qdrt^Edb, Ql, Ql, Ql, Ql, Qdrt, Qdrt^Edb, Drt, Drt^Edb, Drt, Drt, Dd^Esd, Drt, Dd^Esd, Drt, Dd, Hhd^Ftd, Hhd, Mdd, Mdd^Xm, Mdd^Xm, Mdd, Mdd, Dd, Dd, Dd, Drt, Brym, Bryd, Bryd, Bryd, Drt, Btyb, Bryd, Dd, Mdd
Hhd^Ftp, Hd^Ftp, Dd^Ftd, Dd^Ftd, Drt, Drt, Drt, Drt, Rd^Vda, Rd^Fts, Rd, Drt, Dd^Ftd, Mdd, Hhd^Ftp, Hhd^Edp, Hd^Fts, Hd, Dd^Esd, Qdrt, Qdrt^Edb, Qdrt, Ql, Ql, Qdrt^Edb, Ql, Ql, Ql, Ql, Ql, Ql, Qdrt, Qdrt^Edb, Drt, Drt, Drt^Edb, Dd^Esd, Drt, Hd^Ftd, Drt, Dd^Edpp, Dd^Esd, Hhd^Edpp, Hhd, Mdd^Xm, Mdd^Xm, Mdd^Xm, Mdd^Xm, Brym, Brym, Mdd, Drt, Dd, Drt, Bryd, Bryd, Dd, Bryd, Bryd, Btym, Bryd, Bryd, Brym
Hhd^Ft, Dd^Ftp, Dd^Ftd, Drt, Dd, Drt, Drt, Qdrt, Qdrt, Qdrt, Qdrt, Dd^Fts, Drt, Hd^Fts, Mdd, Mdd, Hd, Drt^Edb, Qdrt, Dd, Qdrt, Ql, Qdrt, Ql, Qdrt^Edb, Ql, Ql, Ql, Ql, Ql, Qdrt, Ql, Qdrt^Edb, Qdrt, Drt, Drt^Edb, Drt, Hd^Ftd, Dd^Esd, Dd^Esd, Dd^Esd, Hhd, Mdd, Hhd^Ftd, Mdd, Mdd^Xm, Mdd^Xm, Mdd^Xm, Brym, Dd, Mdd, Mdd, Mdd, Bryd, Mdd, Brym, Brym^Bryb, Drt, Drt^Fet, Drt, Drt, Bryd, Brym
Hhd^Ftr, Dd^Ft, Dd^Fts, Dd^Fts, Drt, Drt, Qdrt, Qdrt, Qdrt, Qdrt, Drt, Drt, Hd^Ftd, Hhd^Fts, Hhd, Hhd^Ftd, Drt^Edb, Drt^Edb, Drt, Qdrt, Drt^Edb, Qdrt^Edb, Drt, Qdrt^Edb, Qdrt, Ql, Ql, Qdrt, Ql, Qdrt, Drt, Qdrt, Dd^Esd, Dd^Edp, Dd^Edp, Drt, Drt, Dd, Hd, Hd, Mdd, Mdd, Mdd, Hhd^Ftp, Mdd, Mdd^Xm, Mdd^Xm, Mdd^Xm, Mdd^Xm, Mdd, Mdd^Xm, Mdd^Xm, Mdd^Xm, Mdd, Mdd^Xm, Brym, Drt, Dd, Brym, Drt, Bryd, Btyb, Dd
Hhd^Ftp, Hd^Ftp, Dd^Ftd, Dd^Ftd, Drt, Drt, Drt, Qdrt, Qdrt, Qdrt, Drt, Drt, Dd, Dd, Drt, Dd^Edp, Dd, Drt^Edb, Drt, Drt^Edb, Drt^Edb, Drt^Edb, Drt, Qdrt, Qdrt^Edb, Ql, Qdrt, Qdrt, Ql, Qdrt, Drt^Edb, Drt^Edb, Drt, Drt, Dd, Dd^Esd, Dd^Esd, Dd^Edpp, Mdd, Hd^Ftd, Hd, Mdd, Hhd^Ftp, Mdd, Hhd^Ftp, Hhd^Ftp, Mdd, Mdd^Xm, Mdd^Xm, Mdd^Xm, Mdd, Mdd^Xm, Mdd^Xm, Mdd^Xm, Mdd^Xm, Brym, Mdd, Brym, Drt, Bryd, Dd, Btym, Dd
Dd^Ftd, Mdd, Mdd, Hd, Dd, Drt, Dd^Fts, Drt, Dd, Drt, Drt, Drt, Dd^Fts, Drt, Hd, Dd^Edp, Dd, Drt, Dd, Dd^Edp, Dd^Edp, Dd^Esd, Drt, Qdrt^Edb, Drt^Edb, Qdrt, Drt, Qdrt^Edb, Qdrt^Edb, Qdrt, Drt^Edb, Drt^Edb, Drt, Dd^Esd, Drt, Drt, Hd, Hd, Mdd, Rd, Hd^Fts, Hhd^Fts, Dd^Ftp, Hhd^Ftd, Dd^Ftp, Hhd^Ftp, Mdd, Mdd^Xm, Bryd, Mdd^Xm, Mdd, Mdd^Xm, Mdd^Xm, Mdd^Xm, Mdd^Xm, Mdd^Xm, Mdd, Dd, Mdd^Xm, Drt, Dd, Dd, Brym
Hd^Ftd, Hd^Ftd, Drt, Hd^Ftd, Drt, Dd, Dd^Ftd, Dd^Fts, Drt, Dd, Hd^Fts, Dd, Dd^Fts, Hd, Hhd^Ftd, Drt, Drt, Dd^Edp, Drt, Dd, Drt, Dd, Drt, Drt^Edb, Drt^Edb, Drt, Drt, Qdrt^Edb, Qdrt^Edb, Drt, Rd, Drt, Dd^Esd, Dd, Rd, Drt, Dd^Edpp, Hd^Ftd, Hd^Ftd, Rd, Dd^Fts, Dd^Ftd, Dd^Fts, Hd^Ftd, Hd^Ftd, Hd^Ftd, Hd, Hd, Mdd, Mdd, Mdd, Mdd, Mdd, Mdd, Mdd^Xm, Mdd^Xm, Mdd^Xm, Mdd^Xm, Mdd^Xm, Mdd, Mdd, Brym, Dd
Hhd, Hd^Ftd, Drt, Drt, Dd, Dd^Ftd, Dd, Drt, Drt, Hd, Hd^Ftp, Dd^Ftp, Hd^Fts, Drt, Dd^Ftd, Drt, Dd, Drt, Drt, Dd^Edp, Dd, Drt, Drt^Edb, Drt, Drt^Edb, Drt^Edb, Drt, Drt, Drt, Drt, Drt, Rd, Dd, Rd, Hd, Dd^Edpp, Hhd^Ftd, Dd^Ftd, Re, Rd, Rd^Fts, Rd, Dd^Fts, Dd^Ftd, Dd, Bryd, Hd, Hd^Ftd, Hhd^Ftd, Mdd, Mdd, Hhd^Fts, Hhd^Fts, Mdd, Mdd, Mdd^Xm, Mdd, Mdd^Xm, Mdd^Xm, Mdd^Xm, Mdd, Mdd^Xm, Mdd^Xm
Hhd, Dd, Rd, Dd^Fts, Rd, Rd, Dd, Dd^Fts, Dd, Hhd, Hhd^Ftd, Hd^Ftp, Hhd, Drt, Dd^Fts, Dd^Fts, Dd, Drt, Dd^Ftd, Hd^Ftd, Hd^Ftd, Drt, Dd, Dd^Edb, Dd, Drt^Edb, Dd^Edp, Drt, Drt, Dd, Drt, Rd, Dd^Edp, Rd, Hd^Ftd, Dd, Rd, Rd, Re, Dd^Fts, Rd, Rd, Dd, Bryd, Dd, Dd, Hd, Bryd, Hhd, Hhd^Ftp, Hhd^Ftp, Hhd^Fts, Ds, Ds^Fts, Ds^Fts, Hhd^Fts, Mdd, Mdd, Mdd, Mdd^Xm, Mdd^Xm, Mdd^Xm, Mdd^Xm
Mdd, Hhd, Hhd, Rd, Dd^Fts, Rd^Ftd, Dd^Ftd, Dd^Fts, Dd, Rd, Rd, Dd^Fts, Hhd, Dd, Drt, Drt, Btyb, Dd^Edp, Dd, Dd^Edp, Drt, Rd, Dd^Edp, Rd, Rd, Dd, Dd, Drt, Hd, Dd, Dd^Edp, Dd, Dd^Edp, Rd, Dd, Dd, Hd^Ftd, Rd, Dd^Ftd, Dd, Dd^Fts, Dd, Bryd, Dd, Dd, Rd, Rd, Rd, Bryd^Ii, Ds^Ftd, Ds^Ftd, Ds^Fts, Ds, Wwt, Ds, Hhd, Ds^Fts, Mdd, Mdd, Mdd^Xm, Mdd^Xm, Mdd^Xm, Mdd^Xm
Hhd, Mdd, Mdd, Dd, Dd, Dd, Hd, Dd, Rd, Re, Re, Dd, Re, Btyb, Brym, Brym^Bryb, Btym, Brym, Btyb, Drt, Drt, Rd, Drt, Drt, Drt, Hd, Drt, Drt, Hd^Ftd, Hd, Dd^Fts, Dd^Edp, Hhd^Ftd, Dd^Edp, Hhd^Ftd, Hd^Ftd, Mdd, Dd^Fts, Hhd^Fts, Rd, Dd^Fts, Dd, Hhd, Rd, Dd, Dd, Rd, Rd, Ds, Ds, Ds^Ftd, Wwt, Wwt, Wwt, Wwt, Ds, Rd, Hhd^Fts, Mdd, Mdd, Mdd, Mdd, Mdd
Hhd, Mdd, Hhd, Hhd^Fdw, Dd, Hd, Hhd^Fts, Hhd, Rd, Rd, Gd^Fts, Re, Re, Btym, Brym, Brym, Brym, Brym, Btym, Drt, Dd^Fts, Dd^Edp, Hd^Fts, Drt, Dd, Hd^Fts, Dd, Hd^Vdt, Rd, Dd^Ftd, Dd, Drt, Hhd, Mdd, Mdd, Mdd, Mdd, Mdd, Hhd^Fts, Rd, Hhd^Fts, Hhd^Fts, Hhd, Bryd, Rd, Rd, Rd, Bryd, Rd, Ds^Ftd, Rd, Ds^Ftd, Wwt, Wwt, Wwt, Ds^Ftd, Dd^Ftd, Hhd^Ftd, Hd^Ftd, Mdd, Mdd, Mdd, Mdd
Rd, Rd, Hhd^Fdw, Hhd, Rd, Rd, Hhd^Fts, Gd, Rd, Rd, Hhd, Brym, Brym, Brym, Brym, Brym^Asty, Brym, Brym, Brym, Brym^Bryb, Dd, Drt, Rd, Hd, Dd, Rd, Rd, Dd, Hd^Ftd, Dd^Ftd, Hd^Fts, Drt, Mdd, Mdd^Xm, Mdd^Xm, Mdd, Mdd^Xm, Mdd, Mdd, Mdd, Mdd, Mdd, Mdd, Hhd, Rd, Bryd, Re, Rd, Re, Rd, Ds^Ftd, Ds, Wwt, Wwt, Wwt, Ds^Ftd, Dd^Ftd, Dd^Ftd, Hd, Hd^Fts, Hd^Fts, Mdd, Mdd
Mm, Hhd^Fmw, Mm, Hhd, Hhd^Fdw, Rd, Rd, Gs, Gd, Hhd^Fts, Gd, Brym, Brym, Btyb, Btyb, Brym, Brym, Brym, Btyb, 1 Brym, Re, Rd, Dd, Dd^Fts, Dd, Dd^Ftd, Rd, Rd, Hhd^Fts, Hd^Fts, Hhd^Fts, Mdd, Mdd^Xm, Mdd^Xm, Mdd, Mdd^Xm, Mdd^Xm, Mdd^Xm, Mdd^Xm, Mdd, Mdd^Xm, Mdd, Mdd, Hhd^Fdw, Rb, Re, Rb, Rb, Re, Rd, Ds, Wwt, Wwt, Ds, Ds^Fts, Rd^Fts, Re, Dd, Dd^Fts, Dd^Fts, Ds^Fts, Mdd, Hd^Fts
Mm, Hh^Fp, Hh^Fmw, Hhd^Fp, Mm, Hhd, Hhd^Fdw, Gs, Gs, Hh, Rd, Rd, Brym, Btym, Btym, Btyb, Brym, Brym, Btym, Dd, Rd, Rd, Hhd^Ftd, Hhd^Ftd, Hhd, Dd^Fts, Hd, Hhd, Mdd, Mdd, Mdd, Mdd, Mdd^Xm, Mdd^Xm, Mdd, Mdd, Mdd^Xm, Mdd^Xm, Mdd^Xm, Mdd^Xm, Mdd^Xm, Mdd, Mdd, Hhd^Fdw, Hhd, Rb, Rb, Rb, Rb, Re, Wwt, Wwt, Wwt, Wwt, Wwt, Ds, Gd^Fts, Dd, Rd, Ds^Ftd, Ds, Hd^Fts, Ds^Fts
Mm, Mm, Mm, Mm, Mm, Hhd^Fdw, Hh^Fmw, Mm, Gs, Gs, Gd, Gd, Brym, Brym^Bryb, Rd, Btym, Brym, Brym^Bryb, Rd, Gd, Gd, Gd, Gs, Gs, Gd, Gd, Hd, Hhd^Fts, Hhd^Fts, Mdd, Mdd, Mdd^Xm, Mdd^Xm, Mdd^Xm, Mdd^Xm, Drt^Shto, Mdd^Xm, Mdd^Xm, Mdd^Xm, Mdd^Xm, Mdd^Xm, Mdd, Mdd, Mdd, Hhd, Rb, Rb, Qxu, Wwt, Wwt, Re, Gd, Gd^Fmw, Gd^Fdw, Wwt, Ds, Gd^Fts, Rd, Gd, Rd, Ds^Ftd, Ds, Ds
Xu, Xu, Xu, Mm, Xu, Mm, Hh, Hh^Fdw, Gd, Gs, Gd, Re, Hhd, Re, Hhd, Gd, Brym, Rd, Hhd, Gd, Hhd^Fdw, Re, Re^Fdw, Gs, Gd, Gd^Fdw, Hhd^Fmw, Mdd, Mdd, Mdd, Mdd, Mdd, Mdd^Xm, Mdd^Xm, Mdd^Xm, Mdd^Xm, Mdd^Xm, Mdd^Xm, Mdd^Xm, Mdd^Xm, Mdd, Mm, Hh, Hhd^Fdw, Re, Rb, Re, Rb, Wwt, Re, Gd^Fdw, Gd, Gd^Fmw, Gd, Wwt, Gd, Re, Re, Ds^Ftd, Gd^Fts, Wwt, Wwt, Wwt
Xu, Xu, Xu, Xu, Xu, Xu, Re, Gd, Aa, Gd^Fdw, Gd^Fmw, Hh, Hh^Fmw, Hhd, Hhd^Fmw, Hhd^Fdw, Hhd^Fdw, Gd^Fdw, Hhd^Fmw, Hhd, Hh^Fp, Hhd^Fmw, Gd, Gs, Gs, Hhd, Mm, Mm, Re, Hh, Hh, Mdd, Mdd, Mdd^Xm, Mdd^Xm, Mdd^Xm, Mdd, Mdd^Xm, Mdd, Mm, Mm, Mm, Gs, Gll^Fmw, Gll^Fdw, Wwt, Wwt, Wwt, Gg, Gs, Gs, Gd^Fmw, Wwt, Gd^Fdw, Wwt, Wwt, Rd, Rd, Ds, Ds, Wwt, Ds, Ds^Fts
Xu, Xu, Xu, Xu, Xu, Re, Gd, Aa, Aa^Fda, Aa^Fdw, Hhd^Fdw, Aa^Fda, Mm, Mm, Hhd^Fp, Mm, Mm, Hhd, Hhd^Fp, Hhd^Fmw, Mm, Hhd, Gd^Fdw, Re, Gd, Re, Gs^Fdw, Re, Gd, Re, Mm, Mdd, Mdd, Mdd, Mdd, Mdd, Mm, Mm, Mm, Mm, Mm, Mm, Hh, Gll^Fmw, Gs^Fmw, Wwt, Wwt, Gs, Gg, Gs^Fdw, Gs^Fdw, Wwt, Wwt, Wwt, Wwt, Wwt, Wwt, Rd, Wwt, Wwt, Ds, Ds^Fts, Rd
Xu, Xu, Xu, Xu, Ai, Ai, Xu, Xu, Xu, Aa^Fma, Ha, Ha^Fda, Ha^Fpa, Mm, Mm, Mm, Hh^Fmw, Mm, Mm, Mm, Hh^Fp, Hh^Fmw, Hh, Re, Gs, Re, Gs, Gd, Gs^Fmw, Gd, Mm, Mm, Mm, Mm, Mm, Mdd, Mm, Mm, Mm, Mm, Hh^Fdw, Hh^Fmw, Wwt, Gs^Fp, Gs^Fp, Gll^Fdw, Wwt, Gs^Fmw, Gs^Fp, Gs^Fmw, Wwt, Wwt, Wwt, Wwt, Wwt, Wwt, Wwt, Wwt, Wwt, Wwt, Re, Re, Rd
Xu, Xu, Xu, Uu^Xo, Ai^Xo, Xu, Xu, Xu, Xu, Xu, Ha^Fpa, Ha^Fma, Mm, Mm, Mm, Hh^Fdw, Mm, Mm, Hh^Fmw, Mm, Hh, Hh^Fdw, Gd, Gs^Fmw, Gg, Gd, Gs, Gg, Gg, Gs^Fdw, Hh, Hh^Fdw, Mm, Mm, Mm, Mm, Hh^Fmw, Mm, Hh^Fmw, Mm, Mm, Wwt, Wwt, Gs^Fp, Wwt, Wwt, Gs^Fmw, Gs^Fp, Gs^Fmw, Gs^Fmw, Wwt, Wwt, Wwt, Wwt, Wwt, Wwt, Wwt, Wwt, Wwt, Ds, Rd, Re, Gd^Fts
Xu, Xu, Xu, Xu, Ai, Uu, Xu, Xu, Xu, Xu, Ha^Fda, Ms, Mm, Mm, Mm, Mm^Xm, Mm^Xm, Mm, Mm, Mm, Mm, Hh, Hh^Fp, Gd, Gs, Gs, Gs, Gg, Gs, Gs, Re^Gvs, Re^Gvs, Re^Gvs, Mm, Mm, Mm, Hh^Fdw, Mm, Hh, Hh, Wwt, Wwt, Wwt, Wwt, Wwt, Gs^Fmw, Gs, Gs^Fp, Gs^Fmw, Wwt, Wwt, Wwt, Wwt, Wwt, Wwt, Wwt, Wwt, Wwt, Rd, Ds, Gd, Rd, Gs
Xu, Xu, Xu, Xu, Xu, Xu, Xu, Xu, Ha, Ha^Fma, Ms, Ms, Mm, Ms, Mm^Xm, Mm^Xm, Mm^Xm, Mm, Hh^Fmw, Hh^Fp, Mm, Gs^Fp, Hh^Fp, Gg, Gs^Fdw, Gg, Gg^Eff, Gg^Eff, Gs^Eff, Gd, Gs, Re^Gvs, Hh^Fdw, Mm, Mm, Mm, Gs, Hh, Gs^Fdw, Hh, Hh, Wwt, Wwt, Wwt, Wwt, Wwt, Gs, Gs^Fp, Gs^Fmw, Gs^Fdw, Wwt, Wwt, Wwt, Wwt, Wwt, Wwt, Wwt, Wwt, Gd^Fdw, Rd, Gs, Gd^Fdw, Gs^Fmw
Xu, Xu, Xu, Xu, Xu, Xu, Xu, Xu, Ms, Ms, Ms, Ms, Ms, Mm, Mm, Mm^Xm, Mm^Xm, Mm, Hhd, Hh^Fp, Hh, Gs^Fmw, Gg, Gs^Fmw, Gs^Eff, Gg^Eff, Gs, Gs, Gg, Gs, Hh, Re, Re, Mm, Mm, Gg^Fp, Gs^Fp, Gg, Gg, Gs^Fmw, Gg, Wwt, Gs^Fmw, Gs^Fp, Wwt, Wwt, Gs^Fmw, Gs^Fmw, Gg, Gs^Fdw, Wwt, Wwt, Wwt, Wwt, Aa, Gd^Fdw, Gs^Fmw, Gs^Fdw, Re, Re, Gd, Gs^Fmw, Gd
Xu, Xu, Xu, Xu, Ha^Fda, Xu, Ms, Ha^Fma, Ha^Fpa, Ha^Fma, Ms, Ms, Ha^Fda, Ha^Fda, Ms, Ms, Mm, Mm, Hhd^Fmw, Hh^Fmw, Gd^Fdw, Gs, Gs^Fdw, Gg, Gg, Gg^Eff, Gg, Hh^Vhh, Hh, Mm, Hh^Fdw, Gd, Gd, Re, Gs^Fp, Gg, Hh^Fmw, Hh, Gs, Gs^Fdw, Gg, Gg^Ve, Gg, Gs^Fmw, Gs^Fdw, Gg, Gs, Gs^Fdw, Gg, Gg, Wwt, Wwt, Wwt, Wwt, Aa^Fdw, Gd^Fdw, Gs^Fmw, Gd, Re, Gd^Fdw, Wwt, Wwt, Wwt
Xu, Xu, Ms, Ms, Ms, Ms, Ha^Fda, Ha^Uf, Ms, Ha^Fma, Ms, Ms, Ms, Ms, Ms, Mm, Mm, Hhd^Fmw, Hhd^Fp, Hhd, Hh, Gs, Gs, Gg^Ve, Gg, Gs^Fmw, Hh^Fp, Mm, Mm, Hh^Fmw, Mm, Hh, Gs, Gs^Fmw, Gg, Hh, Gs, Hh^Fmw, Hh^Fdw, Gg, Gs, Gg, Hh, Gs^Fmw, Gs, Gg, Gs^Fmw, Gg, Gs^Fmw, Wwt, Wwt, Wwt, Wwt, Aa, Aa, Aa^Fda, Gd, Re, Aa^Fda, Wwt, Aa^Fda, Aa, Aa^Fma
Xu, Xu, Ms, Ms, Ms, Ms, Ms, Ha^Fpa, Ms, Ms, Ms, Ms, Ha^Vca, Ms, Ms, Ms, Mm, Hhd^Fdw, Mm, Gd, Hh^Fp, Gd^Fdw, Gs^Fdw, Gg, Gs^Fmw, Gs^Fp, Hh^Fp, Hh^Fmw, Mm, Mm, Mm, Mm, Hh, Hh, Gg, Gs^Fdw, Hh, Gg, Gs, Gg, Gs^Fmw, Hh, Hh^Fp, Hh, Gs^Fmw, Hh^Fp, Wwt, Wwt, Wwt, Wwt, Wwt, Ai, Ai, Wwt, Wwt, Aa, Re, Re, Aa^Fda, Wwt, Wwt, Aa, Aa^Fma
Xu, Ms, Ms, Ms, Ms, Ms, Ms, Ha^Fda, Aa^Fpa, Ha^Fpa, Ha, Ha^Fpa, Aa, Ha^Fma, Ha^Fma, Ms, Ha, Ha^Fdw, Hhd^Fdw, Hhd^Fp, Mm, Hh^Fmw, Hh^Fmw, Gs, Gs, Hh, Mm, Mm, Hh^Fmw, Mm, Mm, Mm, Mm, Mm, Mm, Mm, Hh^Fmw, Gs, Wwt, Gg, Wwt, Gg, Hh^Fmw, Hh, Gd^Fdw, Hh^Fmw, Wwt, Wwt, Wwt, Wwt, Wwt, Ai, Wwt, Wwt, Ai, Re, Re^Vc, Ai, Wwt, Wwt, Ai, Ha, Aa^Fma
Ms, Ms, Ha^Fma, Ms, Ms, Ms, Ha^Uf, Ha^Fma, Ha, Ha^Fpa, Ms, Aa^Fda, Ha, Ms, Ha^Fpa, Ms, Ha^Fma, Aa^Fda, Hhd^Fmw, Mm, Mm, Mm, Mm, Hh, Gs, Gd^Fdw, Mm, Mm, Mm, Mm, Mm, Mm, Mm, Mm, Mm, Mm, Hh^Fmw, Hh^Fdw, Wwt, Wwt, Wwt, Hh^Fp, Hh^Fmw, Wwt, Wwt, Wwt, Wwt, Gd, Aa, Wwt, Ai, Wwt, Wwt, Wwt, Ai, Ai, Ai, Ai, Ai, Ha, Aa^Fma, Ha^Fda, Ha
Ha, Ms, Ms, Ms, Ha^Fpa, Ms, Ms, Ha^Fma, Ms, Ms, Ha^Fpa, Ha^Fma, Ms, Ms, Ha^Uf, Ha^Fma, Aa^Fda, Ha^Fda, Hhd, Mm, Mm, Mm, Mm, Mm, Re, Gd^Fdw, Re, Hh^Fmw, Hh, Hh^Fmw, Hh^Fdw, Mm, Mm, Mm, Mm, Mm, Mm, Wwt, Hh^Fmw, Wwt, Wwt, Wwt, Wwt, Hh, Wwt, Wwt, Wwt, Gd^Fdw, Re, Re, Aa, Wwt, Wwt, Ai, Ai, Ai, Ai, Ai, Ai, Ha, Ms, Ms, Ms
Ms, Ha^Fpa, Ha^Fma, Ms, Aa^Fpa, Ha^Fma, Ha^Uf, Ms, Ms, Ms, Ms, Ha^Fma, Ms, Ms, Ha^Fma, Ha^Fma, Aa^Fda, Hhd^Fdw, Hhd^Fmw, Mm, Hhd^Fmw, Mm, Hh^Fp, Mm, Mm, Re, Re, Gd^Fdw, Gd, Re, Re, Hh, Hh^Fdw, Mm, Mm, Mm, Mm, Mm, Hh, Wwt, Hh^Fmw, Wwt, Hh^Fmw, Wwt, Wwt, Wwt, Wwt, Wwt, Ai, Aa, Ai, Ai, Wwt, Ai, Ai, Ayb, Ai, Ha, Ha^Fda, Ha^Fda, Ms, Ms, Ms
Ha, Ha^Fma, Ms, Ms, Ha, Aa^Fma, Aa, Ha^Fma, Ms, Ms, Ms, Ms, Gg, Ha, Ha, Aa, Gd, Aa, Gd, Gd^Fp, Gg, Hhd^Fp, Gg, Hh, Gg, Mm, Re, Re, Re, Gd, Re, Re, Gg, Mm, Mm, Mm, Mm, Mm, Mm, Hh^Fp, Hh^Fp, Hh^Fmw, Hh, Hh, Wwt, Wwt, Wwt, Gd^Fdw, Gd, Ai, Wwt, Wwt, Wwt, Wwt, Ai, Ai, Ai, Ai, Gg, Ha^Fma, Gg, Ms, Ms
