Hhd^Fmw, Hhd, Mm, Mm, Mm, Mm, Mm, Hh, Hh^Fdw, Mm, Mm, Mm, Mm, Mm, Mm, Mm, Mm^Fdw, Mm, Mm, Mm, Mm, Mm, Mm^Xm, Mm^Xm, Mm^Xm, Mm, Hhd, Hh, Mm, Mm, Mm, Mm, Mm, Mm, Hh^Fmw, Hh^Fmw, Hh^Fms, Hh^Fmw, Hh^Fms, Hh, Mm, Mm, Mm
Ha^Fpa, Hhd^Fmw, Ms, Mm, Mm, Mm, Mm, Hh^Fmw, Mm, Mm, Mm, Mm, Mm, Mm, Mm^Fdw, Mm, Mm, Mm, Mm, Mm, Mm, Mm^Xm, Mm^Xm, Mm^Xm, Mm^Xm, Mm, Mm, Hhd^Fdw, Mm, Mm, Mm, Mm, Mm, Hh^Fp, Hh^Em, Hh^Fms, Hh^Fms, Hh^Fms, Mm, Mm, Hh^Fp, Mm, Mm
Mm, Ms, Ha, Mm, Mm^Fdw, Mm, Mm, Mm^Fdw, Mm, Mm, Mm, Mm, Mm^Fdw, Mm^Fmw, Hhd^Fdw, Mm^Fdw, Mm, Mm, Mm, Mm, Hhd^Edb, Mm, Mm^Xm, Mm^Xm, Mm^Xm, Mm^Xm, Mm, Hh, Hh^Em, Hh^Fdw, Mm, Mm, Hh^Em, Hh^Fp, Hh^Fmw, Hh^Fms, Hh, Hh^Efm, Hh^Fmw, Hh^Emf, Hh^Fp, Mm, Mm
Mm, Mm^Fdw, Mm, Ha^Fma, Ms^Fda, Ha^Fma, Mm, Mm^Xm, Mm^Xm, Mm, Mm, Mm, Mm, Hhd^Em, Mm^Fmw, Mm, Mm, Mm, Mm, Mm, Rd^Ecf, Mm^Xm, Mm, Mv, Mm, Mm^Xm, Mm, Mm, Mm, Hhd^Fdw, Mm, Mm, Hhd, Hh, Hh^Fmw, Hh^Fmw, Hh^Fmw, Hh^Fmw, Hh^Fdw, Hh^Em, Mm, Mm, Mm
Ms, Ms^Fda, Ha^Fdw, Ha^Fdw, Mm, Ms^Fda, Mm, Mm^Xm, Mm^Xm, Mm^Xm, Mm^Ebn, Mm, Mm, Mm^Fmw, Hh^Fdw, Mm^Fdw, Mm, Mm, Mm, Rd^Es, Ql, Rd^Edb, Rd^Edb, Mm, Ql, Rd^Edb, Rd^Edb, Rd^Edb, Hhd, Mm, Hhd^Fdw, Mm, Hhd, Hh^Fmw, Hh, Hhd, Hhd^Fdw, Hhd^Fdw, Mm, Mm, Mm, Mm, Mm
Ms, Ms, Mm, Mm, Mm^Xm, Mm^Xm, Mm^Xm, Mm^Xm, Mm^Xm, Mm^Xm, Mm^Xm, Mm^Xm, Mm^Xm, Mm, Mm, Mm, Mm, Mm, Mm, Ql, Ql, Kay^Es, Cay^Es, Ql, Ql, Rd^Edb, Qlf, Hhd^Edb, Hhd^Edp, Hhd, Hhd^Edp, Hhd^Fdw, Hhd, Hhd, Hh^Fdw, Hhd, Hh^Fdw, Mm, Mm, Mm, Mm, Hh^Fdw, Hh^Fmw
Mm, Mm, Mm, Mm, Mm^Ebn, Mm^Xm, Mm^Xm, Mm^Xm, Mm^Xm, Mm^Xm, Cay, Mm^Xm, Mm, Mm, Mm, Mm, Mm, Mm, Mm, Hhd^Edb, Ql, Cay^Es, Ql, Ql, Ql, Qlf, Mm, Qlf, Qlf, Qlf, Hhd, Hhd, Hh, Gd^Em, Mm, Hh, Mm, Hh^Fdw, Mm, Mm, Mm, Mm, Mm
Mm, Mm^Fdw, Mm, Mm, Mm, Mm, Mm^Xm, Mm^Xm, Mm^Xm, Mm^Xm, Mm^Xm, Mm, Mm^Xm, Mm, Mm^Xm, Mm^Ebn, Mm, Mm, Mm, Mm, Mm, Ql, Ql, Qlf, Rd^Ecf, Mm, Mm, Hhd, Mm, Hhd^Edp, Hhd^Fdw, Hhd^Edp, Hhd^Fdw, Hh^Fmw, Hh^Fmw, Mm, Mm, Hh, Mm, Mm, Hh^Fdw, Mm, Mm
Mm, Ms, Ha^Fma, Mm^Fdw, Ms, Mm^Fdw, Mm^Xm, Mm^Xm, Mm^Xm, Mm^Xm, Mm^Xm, Mm^Xm, Mm^Xm, Mm^Xm, Mm^Xm, Mm^Xm, Mm, Mm, Mm, Rd^Ecf, Rd^Edb, Qlf, Ql, Qlf, Qlf, Hhd^Edb, Mm, Mm, Mm, Mm, Mm, Hhd, Hhd^Edb, Hh, Mm, Mm, Mm, Mm, Mm, Mm, Mm, Hh^Fmw, Mm
Ha^Fpa, Ha^Fpa, Ha^Fma, Ms^Fda, Ms, Ms^Fda, Mm, Cay, Mm^Xm, Mm^Xm, Mm^Xm, Mm^Xm, Cay, Mm^Xm, Mm^Xm, Mm^Xm, Mm, Mm, Mm, Qlf, Qlf, Qlf, Qlf, Qlf, Rd^Edb, Rd^Edb, Hhd^Edp, Mm, Mm, Mm, Hh^Fdw, Hhd^Edb, Hhd^Edb, Hhd, Mm, Mm, Mm, Mm, Mm, Mm, Mm, Hh, Mm
Ms, Ha^Fpa, Ms, Ms, Ms^Xm, Mm^Xm, Mm^Xm, Mm^Xm, Mm^Xm, Mm^Xm, Mm^Xm, Mm^Xm, Mm, Mm, Mm, Mm^Xm, Mm, Mm, Mm, Mm, Mm, Qlf, Rd, Qlf, Qlf, Qlf^Edb, Hhd^Edp, Mm, Hhd, Hh^Fdw, Hh, Hhd, Mm, Hhd^Fdw, Gd^Fmw, Hh^Fmw, Mm, Mm, Mm, Hh^Fmw, Mm, Mm, Mm
Ms^Fda, Ms^Fda, Ha^Fda, Ms^Fda, Ms^Xm, Ms^Xm, Mm^Xm, Mm^Xm, Mm^Xm, Mm^Xm, Mm^Xm, Mm^Xm, Mm^Xm, Mm^Xm, Mm, Mm, Mm, Mm, Mm, Hhd^Edp, Hhd^Es, Qlf, Mm, Mm, Mm, Qlf, Qlf, Hhd^Es, Hhd, Hhd^Edp, Hhd, Hhd^Fdw, Mm, Mm, Gs^Emf, Mm, Mm, Mm, Mm, Mm, Mm, Mm, Mm^Fmw
Ms, Ha^Fpa, Ms^Fda, Ms^Xm, Ms^Xm, Ms^Xm, Mm, Mm, Mm^Ebn, Mm, Mm, Mm^Xm, Ms, Mm^Ebn, Mm, Mm, Mm, Mm, Mm, Mm, Hhd^Edp, Hhd^Edp, Mm, Mm, Hhd^Edp, Mm, Mm, Qlf, Hhd^Edb, Hhd, Hh, Hhd^Em, Hhd^Fdw, Gd^Em, Hhd, Mm, Mm, Mm, Mm^Fdw, Mm, Mm, Mm^Fdw, Hh^Fp
Mm, Ms, Ms, Ms, Ms, Ms, Mm^Fdw, Ms, Ms, Mm, Mm, Mm, Mm, Mm, Mm, Mm, Mm, Hhd, Hhd, Hhd, Mm, Mm, Rb^Edb, Mm, Hhd^Edb, Hhd^Edb, Hhd, Qlf, Hhd^Edb, Hhd^Edb, Gd^Edp, Hh, Hhd^Fmw, Hhd^Fdw, Mm, Hhd^Em, Mm, Mm, Hh^Fdw, Hh^Fmw, Hh^Fp, Hh^Fmw, Hh^Fms
Mm, Mm^Fdw, Ms, Ms, Ha^Fda, Ms^Fda, Kay, Ms, Ha^Fda, Mm^Fdw, Mm^Fdw, Mm, Mm^Fdw, Mm, Mm, Mm, Hhd, Hhd, Hhd, Hhd^Fdw, Hhd, Hhd, Hhd, Rb^Edb, Re^Es, Rb^Edb, Rb, Rb^Edb, Re^Es, Hh, Gd^Em, Hh^Fmw, Mm, Mm, Mm, Hhd^Fdw, Mm, Hh, Mm, Hh, Mm^Fmw, Hh^Fms, Hh^Fms
Mm, Ms, Ms, Ms, Spay, Brym, Cay, Cay, Brym, Ha^Fda, Hhd, Mm, Spay, Hhd, Hhd, Hhd^Fdw, Hhd, Hhd, Re, Hhd, Hhd, Re, Mm, Re^Edb, Re^Es, Rb^Es, Hhd, Re^Edb, Gd^Em, Gd^Fdw, Gd^Fdw, Hhd^Fmw, Mm, Mm, Mm, Mm, Mm, Mm^Fdw, Hh, Mm, Mm, Hh^Fp, Hh
Ms, Ms, Ms, Ms^Fma, Spay, Brym, Brym, Ha^Fda, Brym, Ha, Ha, Spay, Spay, Hhd, Hhd, Hhd, Re, Re, Re, Re, Hhd, Mm, Hh, Mm, Mm, Hhd, Hh, Re^Es, Hh, Gd^Fmw, Gd, Gs, Gll^Fmw, Hh^Fmw, Hh, Hh^Fmw, Mm, Mm, Hh, Mm, Mm, Mm^Fmw, Mm
Ms, Ms, Spay, Brym, Ms, Ms, Ms, Brym, Spay, Spay, Spay, Hhd, Hhd, Hh, Hhd, Hhd, Hhd, Hhd, Re, Hhd, Mm, Hh, Hh^Fdw, Mm, Mm, Mm^Fdw, Hh, Hhd, Gs, Gs, Gs, Gs, Gs^Fmw, Gll^Fp, Hh^Fmw, Hh^Fmw, Mm, Mm, Mm, Mm, Mm^Fmw, Mm, Gs^Fmw
Ms, Ms, Ms, Ms, Ms, Ms, Mm, Mm, Mm, Ms, Ms, Hhd, Mm, Hh^Fdw, Hh^Fmw, Hh^Fdw, Hhd, Hhd^Fdw, Mm, Mm, Mm, Mm, Mm, Mm, Mm, Mm^Fdw, Mm, Hhd^Fdw, Hhd, Gs^Fmw, Gs, Gll^Fmw, Gs^Fdw, Gll^Fp, Hh^Fdw, Mm, Mm, Mm^Fmw, Mm, Mm, Mm, Hh, Gs
Ms, Ms, Ms, Ms, Ha^Fda, Ms, Ms, Ms, Ms, Mm, Mm, Mm, Mm, Mm, Mm^Fmw, Hh^Fp, Hh, Hhd, Mm, Mm, Mm, Mm, Mm, Mm, Mm, Mm, Mm, Mm, Hh^Fdw, Gs^Fmw, Gll^Fmw, Gs, Hh, Mm, Hh^Fdw, Mm, Mm^Fmw, Hh^Fms, Hh^Fmw, Mm^Fmw, Hh, Hh^Fp, Gll
Ms, Ms, Ms, Ms, Ms, Ha^Fpa, Mm, Mm, Mm, Ms, Mm, Mm, Mm, Mm^Fdw, Mm^Fdw, Hhd, Hh, Hh^Fdw, Mm, Mm, Mm, Mm, Mm, Mm, Mm, Mm, Mm, Mm, Mm, Hh^Fp, Mm^Fdw, Gd, Gd, Hh, Hh, Gll, Gs^Fms, Gll^Fp, Gll^Fp, Hh^Fms, Hh^Fp, Hh^Fmw, Gs^Fdw
Aa^Fpa, Ms, Ms, Ms, Ha^Fdw, Spay, Ms^Fma, Mm, Mm, Mm, Mm, Mm, Mm, Mm, Mm, Hhd, Gd, Hh^Fdw, Gs, Mm, Mm, Mm, Mm, Hh, Hh, Hh^Fdw, Mm, Mm, Mm, Mm, Mm, Mm, Gs, Mm, Mm^Fdw, Gs, Gs^Fmw, Gll^Fmw, Gll, Hh^Fms, Gll, Mm^Fdw, Mm
Ai, Ms, Ms, Ms, Ms^Fma, Spay, Spay, Mm, Mm, Mm, Mm, Mm^Fdw, Mm, Mm, Hh, Hh, Mm, Mm^Fdw, Mm, Mm, Mm, Mm, Mm, Mm, Mm, Hh, Mm, Hh, Mm, Hhd, Re, Mm, Gd, Gs^Fdw, Hh^Fmw, Hh^Fmw, Gs^Fms, Gs^Fms, Hh, Hh^Fmw, Hh, Hh^Fms, Mm^Fmw
Ai, Aa^Fma, Mm, Ms, Mm, Ha^Fpa, Ms, Ha, Ms, Mm, Hhd^Fdw, Mm^Fmw, Hhd, Hhd^Fdw, Hhd, Hhd, Mm, Mm, Mm, Mm, Hh, Mm, Hh^Fmw, Mm, Mm, Mm, Hhd, Mm, Re, Re, Mm, Hh^Fmw, Hh^Fp, Hh, Hh^Fdw, Hh^Fmw, Gs^Fp, Gd^Fmw, Hh^Fmw, Hh^Fp, Mm, Hh^Fms, Hh
Ms^Fpa, Ha^Fpa, Mm, Mm, Mm, Ms, Mm, Aa^Fma, Aa^Fpa, Ms^Fma, Mm, Hhd, Hhd^Fdw, Hhd, Hh, Mm^Fdw, Mm, Mm, Mm^Fdw, Mm, Hh^Fmw, Mm^Fdw, Mm, Mm, Mm, Mm, Hhd^Fmw, Mm, Mm, Re, Hhd, Hhd^Fmw, Hh, Gs, Gd, Gd, Gs^Fdw, Hh^Fdw, Gs^Fmw, Gs^Fmw, Mm^Fdw, Mm, Mm
Ms, Ms, Aa^Fma, Aa^Fpa, Ai, Mm, Mm, Mm, Ms, Ha^Fma, Ha^Fdw, Hhd, Hhd, Hhd, Mm, Mm, Mm^Fdw, Hh^Fdw, Hh, Hh, Gll^Fmw, Hh^Fp, Hh^Fp, Mm, Mm, Mm, Mm, Hh, Mm, Hhd, Mm, Hh, Hhd, Hhd, Hh, Gs, Gd, Hh, Gd, Gs^Fmw, Hh^Fmw, Hh, Mm
Ms, Ha, Aa^Fda, Ai, Aa^Fyak, Aa^Fma, Aa^Fda, Ms, Ha^Fpa, Ha^Fda, Hhd, Hhd, Hhd, Re, Mm, Mm, Hh, Mm^Fdw, Hhd^Fp, Mm, Mm, Hh, Gll^Fmw, Mm^Fdw, Mm, Mm^Fdw, Hhd, Mm, Rb, Hhd^Fdw, Mm, Mm, Hhd^Fdw, Hh, Gd^Fmw, Gs, Gd^Fmw, 1 Gs^Fdw, Gs^Fp, Hh^Fmw, Hh^Fms, Hh, Hh
Ms, Ms, Ms, Ai, Mm, Mm, Mm, Aa, Hhd, Ha^Fda, Hhd, Re, Re^Fdw, Hhd, Hhd^Fdw, Hhd, Hh, Hhd, Hh^Fmw, Gs^Fmw, Mm, Gll^Fdw, Hh, Mm, Mm, Hhd^Fmw, Re, Re, Rb, Mm, Mm^Fdw, Mm, Mm^Fdw, Hh^Fmw, Hh^Fdw, Gs^Fp, Gs^Fms, Gs^Fms, Gll^Fmw, Gll^Fp, Gs^Fms, Gll^Fp, Gll
Mm, Ms, Mm, Mm^Fdw, Mm^Fmw, Mm, Aa^Fda, Ha^Fpa, Hh^Fmw, Hhd, Hhd, Hhd^Fdw, Re, Re^Fmw, Hh^Fp, Hhd^Fp, Hh^Fmw, Hhd^Fdw, Gd^Fmw, Hh^Fmw, Gll^Fmw, Gs, Hh^Fmw, Hh^Fdw, Mm, Mm, Mm^Fdw, Hhd, Mm, Mm^Fdw, Mm, Mm, Mm, Hh, Mm, Hh, Gs^Fp, Hh^Fmw, Gll^Fmw, Gs, Gs^Fmw, Gll^Fmw, Gg^Fms
Hhd^Fdw, Mm^Fmw, Mm^Fdw, Mm^Fmw, Mm, Ms, Ha^Fpa, Hhd^Fp, Hh^Fmw, Hhd^Fdw, Re, Hhd, Hhd, Hhd^Fmw, Gd^Fmw, Hh^Fmw, Gs^Fmw, Hh, Gs^Fmw, Gs^Fmw, Gs^Fmw, Gs^Fmw, Gll^Fp, Gs, Hh, Mm, Mm, Hhd, Hh, Hhd^Fmw, Mm, Mm, Mm^Fdw, Hh, Mm, Gd, Mm^Fdw, Hh, Gs, Gll, Gs^Fp, Gs^Fmw, Gg^Fds
Hhd, Hhd^Fmw, Mm, Mm^Fdw, Mm, Hhd^Fdw, Hhd, Hhd^Fp, Hhd, Re, Re, Hhd^Fdw, Hhd, Hhd, Gll^Fmw, Gd^Fmw, Gll^Fmw, Hh^Fmw, Gd^Fmw, Gs, Gll^Fmw, Gll^Fmw, Gll^Fmw, Hh^Fdw, Hh, Mm, Mm, Hhd, Hh, Hh, Mm, Mm, Gg, Hh^Fdw, Gg, Hh, Gg, Hh^Fmw, Gd, Gs^Fms, Gll, Gll^Fmw, Gg
